lcd16x2_i2c.c:14:13:lcd16x2_i2c_sendCommand	32	static
lcd16x2_i2c.c:28:13:lcd16x2_i2c_sendData	32	static
lcd16x2_i2c.c:47:6:lcd16x2_i2c_init	16	static
lcd16x2_i2c.c:98:6:lcd16x2_i2c_setCursor	24	static
lcd16x2_i2c.c:117:6:lcd16x2_i2c_1stLine	8	static
lcd16x2_i2c.c:124:6:lcd16x2_i2c_2ndLine	8	static
lcd16x2_i2c.c:132:6:lcd16x2_i2c_TwoLines	8	static
lcd16x2_i2c.c:136:6:lcd16x2_i2c_OneLine	8	static
lcd16x2_i2c.c:144:6:lcd16x2_i2c_cursorShow	16	static
lcd16x2_i2c.c:159:6:lcd16x2_i2c_clear	8	static
lcd16x2_i2c.c:168:6:lcd16x2_i2c_display	16	static
lcd16x2_i2c.c:183:6:lcd16x2_i2c_shiftRight	24	static
lcd16x2_i2c.c:194:6:lcd16x2_i2c_shiftLeft	24	static
lcd16x2_i2c.c:205:6:lcd16x2_i2c_printf	48	static
