main.c:121:5:main	8	static
main.c:198:6:SystemClock_Config	88	static
main.c:243:13:MX_ADC1_Init	24	static
main.c:293:13:MX_I2C1_Init	8	static
main.c:327:13:MX_I2C3_Init	8	static
main.c:361:13:MX_SPI1_Init	8	static
main.c:399:13:MX_TIM2_Init	32	static
main.c:444:13:MX_TIM3_Init	64	static
main.c:511:13:MX_TIM4_Init	32	static
main.c:556:13:MX_USART2_UART_Init	8	static
main.c:589:13:MX_USART6_UART_Init	8	static
main.c:622:13:MX_GPIO_Init	56	static
main.c:687:6:HAL_UART_RxCpltCallback	16	static
main.c:724:6:HAL_TIM_PeriodElapsedCallback	16	static
main.c:759:6:transmitData	80	static
main.c:771:6:printLcd	24	static
main.c:788:6:getADCValue	16	static
main.c:801:6:checkSaveDistance	4	static
main.c:811:6:setMotor	24	static
main.c:856:6:setBuzzer	16	static
main.c:880:5:map	40	static
main.c:888:6:getDistance	24	static
main.c:931:6:usDelay	16	static
main.c:943:6:getGYROandACCR	8	static
main.c:954:6:Error_Handler	4	static,ignoring_inline_asm
