Archive member included to satisfy reference by file (symbol)

c:/st/stm32cubeide_1.7.0/stm32cubeide/plugins/com.st.stm32cube.ide.mcu.externaltools.gnu-tools-for-stm32.9-2020-q2-update.win32_2.0.0.202105311346/tools/bin/../lib/gcc/arm-none-eabi/9.3.1/../../../../arm-none-eabi/lib/thumb/v7e-m+fp/hard\libc_nano.a(lib_a-errno.o)
                              ./Core/Src/syscalls.o (__errno)
c:/st/stm32cubeide_1.7.0/stm32cubeide/plugins/com.st.stm32cube.ide.mcu.externaltools.gnu-tools-for-stm32.9-2020-q2-update.win32_2.0.0.202105311346/tools/bin/../lib/gcc/arm-none-eabi/9.3.1/../../../../arm-none-eabi/lib/thumb/v7e-m+fp/hard\libc_nano.a(lib_a-exit.o)
                              c:/st/stm32cubeide_1.7.0/stm32cubeide/plugins/com.st.stm32cube.ide.mcu.externaltools.gnu-tools-for-stm32.9-2020-q2-update.win32_2.0.0.202105311346/tools/bin/../lib/gcc/arm-none-eabi/9.3.1/../../../../arm-none-eabi/lib/thumb/v7e-m+fp/hard/crt0.o (exit)
c:/st/stm32cubeide_1.7.0/stm32cubeide/plugins/com.st.stm32cube.ide.mcu.externaltools.gnu-tools-for-stm32.9-2020-q2-update.win32_2.0.0.202105311346/tools/bin/../lib/gcc/arm-none-eabi/9.3.1/../../../../arm-none-eabi/lib/thumb/v7e-m+fp/hard\libc_nano.a(lib_a-impure.o)
                              c:/st/stm32cubeide_1.7.0/stm32cubeide/plugins/com.st.stm32cube.ide.mcu.externaltools.gnu-tools-for-stm32.9-2020-q2-update.win32_2.0.0.202105311346/tools/bin/../lib/gcc/arm-none-eabi/9.3.1/../../../../arm-none-eabi/lib/thumb/v7e-m+fp/hard\libc_nano.a(lib_a-exit.o) (_global_impure_ptr)
c:/st/stm32cubeide_1.7.0/stm32cubeide/plugins/com.st.stm32cube.ide.mcu.externaltools.gnu-tools-for-stm32.9-2020-q2-update.win32_2.0.0.202105311346/tools/bin/../lib/gcc/arm-none-eabi/9.3.1/../../../../arm-none-eabi/lib/thumb/v7e-m+fp/hard\libc_nano.a(lib_a-init.o)
                              c:/st/stm32cubeide_1.7.0/stm32cubeide/plugins/com.st.stm32cube.ide.mcu.externaltools.gnu-tools-for-stm32.9-2020-q2-update.win32_2.0.0.202105311346/tools/bin/../lib/gcc/arm-none-eabi/9.3.1/../../../../arm-none-eabi/lib/thumb/v7e-m+fp/hard/crt0.o (__libc_init_array)
c:/st/stm32cubeide_1.7.0/stm32cubeide/plugins/com.st.stm32cube.ide.mcu.externaltools.gnu-tools-for-stm32.9-2020-q2-update.win32_2.0.0.202105311346/tools/bin/../lib/gcc/arm-none-eabi/9.3.1/../../../../arm-none-eabi/lib/thumb/v7e-m+fp/hard\libc_nano.a(lib_a-memset.o)
                              c:/st/stm32cubeide_1.7.0/stm32cubeide/plugins/com.st.stm32cube.ide.mcu.externaltools.gnu-tools-for-stm32.9-2020-q2-update.win32_2.0.0.202105311346/tools/bin/../lib/gcc/arm-none-eabi/9.3.1/../../../../arm-none-eabi/lib/thumb/v7e-m+fp/hard/crt0.o (memset)
c:/st/stm32cubeide_1.7.0/stm32cubeide/plugins/com.st.stm32cube.ide.mcu.externaltools.gnu-tools-for-stm32.9-2020-q2-update.win32_2.0.0.202105311346/tools/bin/../lib/gcc/arm-none-eabi/9.3.1/../../../../arm-none-eabi/lib/thumb/v7e-m+fp/hard\libc_nano.a(lib_a-sprintf.o)
                              ./Core/Src/main.o (sprintf)
c:/st/stm32cubeide_1.7.0/stm32cubeide/plugins/com.st.stm32cube.ide.mcu.externaltools.gnu-tools-for-stm32.9-2020-q2-update.win32_2.0.0.202105311346/tools/bin/../lib/gcc/arm-none-eabi/9.3.1/../../../../arm-none-eabi/lib/thumb/v7e-m+fp/hard\libc_nano.a(lib_a-strlen.o)
                              ./Core/Src/lcd16x2_i2c.o (strlen)
c:/st/stm32cubeide_1.7.0/stm32cubeide/plugins/com.st.stm32cube.ide.mcu.externaltools.gnu-tools-for-stm32.9-2020-q2-update.win32_2.0.0.202105311346/tools/bin/../lib/gcc/arm-none-eabi/9.3.1/../../../../arm-none-eabi/lib/thumb/v7e-m+fp/hard\libc_nano.a(lib_a-vsprintf.o)
                              ./Core/Src/lcd16x2_i2c.o (vsprintf)
c:/st/stm32cubeide_1.7.0/stm32cubeide/plugins/com.st.stm32cube.ide.mcu.externaltools.gnu-tools-for-stm32.9-2020-q2-update.win32_2.0.0.202105311346/tools/bin/../lib/gcc/arm-none-eabi/9.3.1/../../../../arm-none-eabi/lib/thumb/v7e-m+fp/hard\libc_nano.a(lib_a-nano-svfprintf.o)
                              c:/st/stm32cubeide_1.7.0/stm32cubeide/plugins/com.st.stm32cube.ide.mcu.externaltools.gnu-tools-for-stm32.9-2020-q2-update.win32_2.0.0.202105311346/tools/bin/../lib/gcc/arm-none-eabi/9.3.1/../../../../arm-none-eabi/lib/thumb/v7e-m+fp/hard\libc_nano.a(lib_a-sprintf.o) (_svfprintf_r)
c:/st/stm32cubeide_1.7.0/stm32cubeide/plugins/com.st.stm32cube.ide.mcu.externaltools.gnu-tools-for-stm32.9-2020-q2-update.win32_2.0.0.202105311346/tools/bin/../lib/gcc/arm-none-eabi/9.3.1/../../../../arm-none-eabi/lib/thumb/v7e-m+fp/hard\libc_nano.a(lib_a-nano-vfprintf_i.o)
                              c:/st/stm32cubeide_1.7.0/stm32cubeide/plugins/com.st.stm32cube.ide.mcu.externaltools.gnu-tools-for-stm32.9-2020-q2-update.win32_2.0.0.202105311346/tools/bin/../lib/gcc/arm-none-eabi/9.3.1/../../../../arm-none-eabi/lib/thumb/v7e-m+fp/hard\libc_nano.a(lib_a-nano-svfprintf.o) (_printf_i)
[...]
Memory Configuration

Name             Origin             Length             Attributes
RAM              0x0000000020000000 0x0000000000010000 xrw
FLASH            0x0000000008000000 0x0000000000040000 xr
*default*        0x0000000000000000 0xffffffffffffffff

Linker script and memory map

LOAD c:/st/stm32cubeide_1.7.0/stm32cubeide/plugins/com.st.stm32cube.ide.mcu.externaltools.gnu-tools-for-stm32.9-2020-q2-update.win32_2.0.0.202105311346/tools/bin/../lib/gcc/arm-none-eabi/9.3.1/thumb/v7e-m+fp/hard/crti.o
LOAD c:/st/stm32cubeide_1.7.0/stm32cubeide/plugins/com.st.stm32cube.ide.mcu.externaltools.gnu-tools-for-stm32.9-2020-q2-update.win32_2.0.0.202105311346/tools/bin/../lib/gcc/arm-none-eabi/9.3.1/thumb/v7e-m+fp/hard/crtbegin.o
LOAD c:/st/stm32cubeide_1.7.0/stm32cubeide/plugins/com.st.stm32cube.ide.mcu.externaltools.gnu-tools-for-stm32.9-2020-q2-update.win32_2.0.0.202105311346/tools/bin/../lib/gcc/arm-none-eabi/9.3.1/../../../../arm-none-eabi/lib/thumb/v7e-m+fp/hard/crt0.o
LOAD ./Core/Components/cs43l22/cs43l22.o
LOAD ./Core/Components/exc7200/exc7200.o
LOAD ./Core/Components/ft6x06/ft6x06.o
LOAD ./Core/Components/i3g4250d/i3g4250d.o
LOAD ./Core/Components/ili9325/ili9325.o
LOAD ./Core/Components/ili9341/ili9341.o
LOAD ./Core/Components/l3gd20/l3gd20.o
LOAD ./Core/Components/lis302dl/lis302dl.o
LOAD ./Core/Components/lis3dsh/lis3dsh.o
LOAD ./Core/Components/ls016b8uy/ls016b8uy.o
LOAD ./Core/Components/lsm303agr/lsm303agr.o
LOAD ./Core/Components/lsm303dlhc/lsm303dlhc.o
LOAD ./Core/Components/mfxstm32l152/mfxstm32l152.o
LOAD ./Core/Components/nt35510/nt35510.o
LOAD ./Core/Components/otm8009a/otm8009a.o
LOAD ./Core/Components/ov2640/ov2640.o
LOAD ./Core/Components/ov5640/ov5640.o
LOAD ./Core/Components/s5k5cag/s5k5cag.o
LOAD ./Core/Components/st7735/st7735.o
LOAD ./Core/Components/st7789h2/st7789h2.o
LOAD ./Core/Components/stmpe1600/stmpe1600.o
LOAD ./Core/Components/stmpe811/stmpe811.o
LOAD ./Core/Components/ts3510/ts3510.o
LOAD ./Core/Components/wm8994/wm8994.o
LOAD ./Core/Src/lcd16x2_i2c.o
LOAD ./Core/Src/main.o
LOAD ./Core/Src/stm32f401_discovery.o
LOAD ./Core/Src/stm32f401_discovery_accelerometer.o
LOAD ./Core/Src/stm32f401_discovery_gyroscope.o
LOAD ./Core/Src/stm32f4xx_hal_msp.o
LOAD ./Core/Src/stm32f4xx_it.o
LOAD ./Core/Src/syscalls.o
LOAD ./Core/Src/sysmem.o
LOAD ./Core/Src/system_stm32f4xx.o
LOAD ./Core/Startup/startup_stm32f401vctx.o
LOAD ./Drivers/STM32F4xx_HAL_Driver/Src/stm32f4xx_hal.o
LOAD ./Drivers/STM32F4xx_HAL_Driver/Src/stm32f4xx_hal_adc.o
LOAD ./Drivers/STM32F4xx_HAL_Driver/Src/stm32f4xx_hal_adc_ex.o
LOAD ./Drivers/STM32F4xx_HAL_Driver/Src/stm32f4xx_hal_cortex.o
LOAD ./Drivers/STM32F4xx_HAL_Driver/Src/stm32f4xx_hal_dma.o
LOAD ./Drivers/STM32F4xx_HAL_Driver/Src/stm32f4xx_hal_dma_ex.o
LOAD ./Drivers/STM32F4xx_HAL_Driver/Src/stm32f4xx_hal_exti.o
LOAD ./Drivers/STM32F4xx_HAL_Driver/Src/stm32f4xx_hal_flash.o
LOAD ./Drivers/STM32F4xx_HAL_Driver/Src/stm32f4xx_hal_flash_ex.o
LOAD ./Drivers/STM32F4xx_HAL_Driver/Src/stm32f4xx_hal_flash_ramfunc.o
LOAD ./Drivers/STM32F4xx_HAL_Driver/Src/stm32f4xx_hal_gpio.o
LOAD ./Drivers/STM32F4xx_HAL_Driver/Src/stm32f4xx_hal_i2c.o
LOAD ./Drivers/STM32F4xx_HAL_Driver/Src/stm32f4xx_hal_i2c_ex.o
LOAD ./Drivers/STM32F4xx_HAL_Driver/Src/stm32f4xx_hal_pwr.o
LOAD ./Drivers/STM32F4xx_HAL_Driver/Src/stm32f4xx_hal_pwr_ex.o
LOAD ./Drivers/STM32F4xx_HAL_Driver/Src/stm32f4xx_hal_rcc.o
LOAD ./Drivers/STM32F4xx_HAL_Driver/Src/stm32f4xx_hal_rcc_ex.o
LOAD ./Drivers/STM32F4xx_HAL_Driver/Src/stm32f4xx_hal_spi.o
LOAD ./Drivers/STM32F4xx_HAL_Driver/Src/stm32f4xx_hal_tim.o
LOAD ./Drivers/STM32F4xx_HAL_Driver/Src/stm32f4xx_hal_tim_ex.o
LOAD ./Drivers/STM32F4xx_HAL_Driver/Src/stm32f4xx_hal_uart.o
LOAD ./Drivers/STM32F4xx_HAL_Driver/Src/stm32f4xx_ll_adc.o
START GROUP
LOAD c:/st/stm32cubeide_1.7.0/stm32cubeide/plugins/com.st.stm32cube.ide.mcu.externaltools.gnu-tools-for-stm32.9-2020-q2-update.win32_2.0.0.202105311346/tools/bin/../lib/gcc/arm-none-eabi/9.3.1/../../../../arm-none-eabi/lib/thumb/v7e-m+fp/hard\libc_nano.a
LOAD c:/st/stm32cubeide_1.7.0/stm32cubeide/plugins/com.st.stm32cube.ide.mcu.externaltools.gnu-tools-for-stm32.9-2020-q2-update.win32_2.0.0.202105311346/tools/bin/../lib/gcc/arm-none-eabi/9.3.1/../../../../arm-none-eabi/lib/thumb/v7e-m+fp/hard\libm.a
END GROUP
START GROUP
LOAD c:/st/stm32cubeide_1.7.0/stm32cubeide/plugins/com.st.stm32cube.ide.mcu.externaltools.gnu-tools-for-stm32.9-2020-q2-update.win32_2.0.0.202105311346/tools/bin/../lib/gcc/arm-none-eabi/9.3.1/thumb/v7e-m+fp/hard\libgcc.a
LOAD c:/st/stm32cubeide_1.7.0/stm32cubeide/plugins/com.st.stm32cube.ide.mcu.externaltools.gnu-tools-for-stm32.9-2020-q2-update.win32_2.0.0.202105311346/tools/bin/../lib/gcc/arm-none-eabi/9.3.1/../../../../arm-none-eabi/lib/thumb/v7e-m+fp/hard\libc_nano.a
END GROUP
START GROUP
LOAD c:/st/stm32cubeide_1.7.0/stm32cubeide/plugins/com.st.stm32cube.ide.mcu.externaltools.gnu-tools-for-stm32.9-2020-q2-update.win32_2.0.0.202105311346/tools/bin/../lib/gcc/arm-none-eabi/9.3.1/thumb/v7e-m+fp/hard\libgcc.a
LOAD c:/st/stm32cubeide_1.7.0/stm32cubeide/plugins/com.st.stm32cube.ide.mcu.externaltools.gnu-tools-for-stm32.9-2020-q2-update.win32_2.0.0.202105311346/tools/bin/../lib/gcc/arm-none-eabi/9.3.1/../../../../arm-none-eabi/lib/thumb/v7e-m+fp/hard\libc_nano.a
LOAD c:/st/stm32cubeide_1.7.0/stm32cubeide/plugins/com.st.stm32cube.ide.mcu.externaltools.gnu-tools-for-stm32.9-2020-q2-update.win32_2.0.0.202105311346/tools/bin/../lib/gcc/arm-none-eabi/9.3.1/../../../../arm-none-eabi/lib/thumb/v7e-m+fp/hard\libnosys.a
END GROUP
START GROUP
LOAD c:/st/stm32cubeide_1.7.0/stm32cubeide/plugins/com.st.stm32cube.ide.mcu.externaltools.gnu-tools-for-stm32.9-2020-q2-update.win32_2.0.0.202105311346/tools/bin/../lib/gcc/arm-none-eabi/9.3.1/thumb/v7e-m+fp/hard\libgcc.a
LOAD c:/st/stm32cubeide_1.7.0/stm32cubeide/plugins/com.st.stm32cube.ide.mcu.externaltools.gnu-tools-for-stm32.9-2020-q2-update.win32_2.0.0.202105311346/tools/bin/../lib/gcc/arm-none-eabi/9.3.1/../../../../arm-none-eabi/lib/thumb/v7e-m+fp/hard\libc_nano.a
LOAD c:/st/stm32cubeide_1.7.0/stm32cubeide/plugins/com.st.stm32cube.ide.mcu.externaltools.gnu-tools-for-stm32.9-2020-q2-update.win32_2.0.0.202105311346/tools/bin/../lib/gcc/arm-none-eabi/9.3.1/../../../../arm-none-eabi/lib/thumb/v7e-m+fp/hard\libnosys.a
END GROUP
LOAD c:/st/stm32cubeide_1.7.0/stm32cubeide/plugins/com.st.stm32cube.ide.mcu.externaltools.gnu-tools-for-stm32.9-2020-q2-update.win32_2.0.0.202105311346/tools/bin/../lib/gcc/arm-none-eabi/9.3.1/thumb/v7e-m+fp/hard/crtend.o
LOAD c:/st/stm32cubeide_1.7.0/stm32cubeide/plugins/com.st.stm32cube.ide.mcu.externaltools.gnu-tools-for-stm32.9-2020-q2-update.win32_2.0.0.202105311346/tools/bin/../lib/gcc/arm-none-eabi/9.3.1/thumb/v7e-m+fp/hard/crtn.o
                0x0000000020010000                _estack = (ORIGIN (RAM) + LENGTH (RAM))
                0x0000000000000200                _Min_Heap_Size = 0x200
                0x0000000000000400                _Min_Stack_Size = 0x400

.isr_vector     0x0000000008000000      0x194
                0x0000000008000000                . = ALIGN (0x4)
 *(.isr_vector)
 .isr_vector    0x0000000008000000      0x194 ./Core/Startup/startup_stm32f401vctx.o
                0x0000000008000000                g_pfnVectors
                0x0000000008000194                . = ALIGN (0x4)

.text           0x00000000080001a0     0x9270
                0x00000000080001a0                . = ALIGN (0x4)
 *(.text)
 .text          0x00000000080001a0       0x40 c:/st/stm32cubeide_1.7.0/stm32cubeide/plugins/com.st.stm32cube.ide.mcu.externaltools.gnu-tools-for-stm32.9-2020-q2-update.win32_2.0.0.202105311346/tools/bin/../lib/gcc/arm-none-eabi/9.3.1/thumb/v7e-m+fp/hard/crtbegin.o
 .text          0x00000000080001e0       0x10 c:/st/stm32cubeide_1.7.0/stm32cubeide/plugins/com.st.stm32cube.ide.mcu.externaltools.gnu-tools-for-stm32.9-2020-q2-update.win32_2.0.0.202105311346/tools/bin/../lib/gcc/arm-none-eabi/9.3.1/../../../../arm-none-eabi/lib/thumb/v7e-m+fp/hard\libc_nano.a(lib_a-strlen.o)
                0x00000000080001e0                strlen
 .text          0x00000000080001f0       0xa0 c:/st/stm32cubeide_1.7.0/stm32cubeide/plugins/com.st.stm32cube.ide.mcu.externaltools.gnu-tools-for-stm32.9-2020-q2-update.win32_2.0.0.202105311346/tools/bin/../lib/gcc/arm-none-eabi/9.3.1/../../../../arm-none-eabi/lib/thumb/v7e-m+fp/hard\libc_nano.a(lib_a-memchr.o)
                0x00000000080001f0                memchr
 .text          0x0000000008000290      0x378 c:/st/stm32cubeide_1.7.0/stm32cubeide/plugins/com.st.stm32cube.ide.mcu.externaltools.gnu-tools-for-stm32.9-2020-q2-update.win32_2.0.0.202105311346/tools/bin/../lib/gcc/arm-none-eabi/9.3.1/thumb/v7e-m+fp/hard\libgcc.a(_arm_addsubdf3.o)
                0x0000000008000290                __aeabi_drsub
                0x0000000008000298                __aeabi_dsub
                0x0000000008000298                __subdf3
                0x000000000800029c                __aeabi_dadd
                0x000000000800029c                __adddf3
                0x0000000008000514                __floatunsidf
                0x0000000008000514                __aeabi_ui2d
                0x0000000008000534                __floatsidf
                0x0000000008000534                __aeabi_i2d
                0x0000000008000558                __aeabi_f2d
                0x0000000008000558                __extendsfdf2
                0x000000000800059c                __floatundidf
                0x000000000800059c                __aeabi_ul2d
                0x00000000080005ac                __floatdidf
                0x00000000080005ac                __aeabi_l2d
 .text          0x0000000008000608      0x424 c:/st/stm32cubeide_1.7.0/stm32cubeide/plugins/com.st.stm32cube.ide.mcu.externaltools.gnu-tools-for-stm32.9-2020-q2-update.win32_2.0.0.202105311346/tools/bin/../lib/gcc/arm-none-eabi/9.3.1/thumb/v7e-m+fp/hard\libgcc.a(_arm_muldivdf3.o)
                0x0000000008000608                __aeabi_dmul
                0x0000000008000608                __muldf3
                0x000000000800085c                __divdf3
                0x000000000800085c                __aeabi_ddiv
 .text          0x0000000008000a2c       0x50 c:/st/stm32cubeide_1.7.0/stm32cubeide/plugins/com.st.stm32cube.ide.mcu.externaltools.gnu-tools-for-stm32.9-2020-q2-update.win32_2.0.0.202105311346/tools/bin/../lib/gcc/arm-none-eabi/9.3.1/thumb/v7e-m+fp/hard\libgcc.a(_arm_fixdfsi.o)
                0x0000000008000a2c                __aeabi_d2iz
                0x0000000008000a2c                __fixdfsi
 .text          0x0000000008000a7c       0xa0 c:/st/stm32cubeide_1.7.0/stm32cubeide/plugins/com.st.stm32cube.ide.mcu.externaltools.gnu-tools-for-stm32.9-2020-q2-update.win32_2.0.0.202105311346/tools/bin/../lib/gcc/arm-none-eabi/9.3.1/thumb/v7e-m+fp/hard\libgcc.a(_arm_truncdfsf2.o)
                0x0000000008000a7c                __truncdfsf2
                0x0000000008000a7c                __aeabi_d2f
 .text          0x0000000008000b1c       0x30 c:/st/stm32cubeide_1.7.0/stm32cubeide/plugins/com.st.stm32cube.ide.mcu.externaltools.gnu-tools-for-stm32.9-2020-q2-update.win32_2.0.0.202105311346/tools/bin/../lib/gcc/arm-none-eabi/9.3.1/thumb/v7e-m+fp/hard\libgcc.a(_aeabi_uldivmod.o)
                0x0000000008000b1c                __aeabi_uldivmod
 .text          0x0000000008000b4c      0x2c4 c:/st/stm32cubeide_1.7.0/stm32cubeide/plugins/com.st.stm32cube.ide.mcu.externaltools.gnu-tools-for-stm32.9-2020-q2-update.win32_2.0.0.202105311346/tools/bin/../lib/gcc/arm-none-eabi/9.3.1/thumb/v7e-m+fp/hard\libgcc.a(_udivmoddi4.o)
                0x0000000008000b4c                __udivmoddi4
 .text          0x0000000008000e10        0x4 c:/st/stm32cubeide_1.7.0/stm32cubeide/plugins/com.st.stm32cube.ide.mcu.externaltools.gnu-tools-for-stm32.9-2020-q2-update.win32_2.0.0.202105311346/tools/bin/../lib/gcc/arm-none-eabi/9.3.1/thumb/v7e-m+fp/hard\libgcc.a(_dvmd_tls.o)
                0x0000000008000e10                __aeabi_idiv0
                0x0000000008000e10                __aeabi_ldiv0
 *(.text*)
 .text.L3GD20_Init
                0x0000000008000e14       0x46 ./Core/Components/l3gd20/l3gd20.o
                0x0000000008000e14                L3GD20_Init
 .text.L3GD20_DeInit
                0x0000000008000e5a        0xe ./Core/Components/l3gd20/l3gd20.o
                0x0000000008000e5a                L3GD20_DeInit
 .text.L3GD20_ReadID
                0x0000000008000e68       0x20 ./Core/Components/l3gd20/l3gd20.o
                0x0000000008000e68                L3GD20_ReadID
 .text.L3GD20_RebootCmd
                0x0000000008000e88       0x30 ./Core/Components/l3gd20/l3gd20.o
                0x0000000008000e88                L3GD20_RebootCmd
 .text.L3GD20_LowPower
                0x0000000008000eb8       0x2a ./Core/Components/l3gd20/l3gd20.o
                0x0000000008000eb8                L3GD20_LowPower
 .text.L3GD20_INT1InterruptConfig
                0x0000000008000ee2       0x86 ./Core/Components/l3gd20/l3gd20.o
                0x0000000008000ee2                L3GD20_INT1InterruptConfig
 .text.L3GD20_EnableIT
                0x0000000008000f68       0x64 ./Core/Components/l3gd20/l3gd20.o
                0x0000000008000f68                L3GD20_EnableIT
 .text.L3GD20_DisableIT
                0x0000000008000fcc       0x58 ./Core/Components/l3gd20/l3gd20.o
                0x0000000008000fcc                L3GD20_DisableIT
 .text.L3GD20_FilterConfig
                0x0000000008001024       0x42 ./Core/Components/l3gd20/l3gd20.o
                0x0000000008001024                L3GD20_FilterConfig
 .text.L3GD20_FilterCmd
                0x0000000008001066       0x42 ./Core/Components/l3gd20/l3gd20.o
                0x0000000008001066                L3GD20_FilterCmd
 .text.L3GD20_ReadXYZAngRate
                0x00000000080010a8      0x164 ./Core/Components/l3gd20/l3gd20.o
                0x00000000080010a8                L3GD20_ReadXYZAngRate
 .text.LSM303DLHC_AccInit
                0x000000000800120c       0x3a ./Core/Components/lsm303dlhc/lsm303dlhc.o
                0x000000000800120c                LSM303DLHC_AccInit
 .text.LSM303DLHC_AccDeInit
                0x0000000008001246        0xe ./Core/Components/lsm303dlhc/lsm303dlhc.o
                0x0000000008001246                LSM303DLHC_AccDeInit
 .text.LSM303DLHC_AccReadID
                0x0000000008001254       0x24 ./Core/Components/lsm303dlhc/lsm303dlhc.o
                0x0000000008001254                LSM303DLHC_AccReadID
 .text.LSM303DLHC_AccRebootCmd
                0x0000000008001278       0x2e ./Core/Components/lsm303dlhc/lsm303dlhc.o
                0x0000000008001278                LSM303DLHC_AccRebootCmd
 .text.LSM303DLHC_AccFilterConfig
                0x00000000080012a6       0x3a ./Core/Components/lsm303dlhc/lsm303dlhc.o
                0x00000000080012a6                LSM303DLHC_AccFilterConfig
 .text.LSM303DLHC_AccFilterCmd
                0x00000000080012e0       0x3a ./Core/Components/lsm303dlhc/lsm303dlhc.o
                0x00000000080012e0                LSM303DLHC_AccFilterCmd
 .text.LSM303DLHC_AccReadXYZ
                0x000000000800131a      0x19e ./Core/Components/lsm303dlhc/lsm303dlhc.o
                0x000000000800131a                LSM303DLHC_AccReadXYZ
 .text.LSM303DLHC_AccFilterClickCmd
                0x00000000080014b8       0x3e ./Core/Components/lsm303dlhc/lsm303dlhc.o
                0x00000000080014b8                LSM303DLHC_AccFilterClickCmd
 .text.LSM303DLHC_AccIT1Enable
                0x00000000080014f6       0x36 ./Core/Components/lsm303dlhc/lsm303dlhc.o
                0x00000000080014f6                LSM303DLHC_AccIT1Enable
 .text.LSM303DLHC_AccClickITEnable
                0x000000000800152c       0x72 ./Core/Components/lsm303dlhc/lsm303dlhc.o
                0x000000000800152c                LSM303DLHC_AccClickITEnable
 .text.LSM303DLHC_AccZClickITConfig
                0x000000000800159e       0x1e ./Core/Components/lsm303dlhc/lsm303dlhc.o
                0x000000000800159e                LSM303DLHC_AccZClickITConfig
 .text.lcd16x2_i2c_sendCommand
                0x00000000080015bc       0x68 ./Core/Src/lcd16x2_i2c.o
 .text.lcd16x2_i2c_sendData
                0x0000000008001624       0x68 ./Core/Src/lcd16x2_i2c.o
 .text.lcd16x2_i2c_init
                0x000000000800168c       0xd8 ./Core/Src/lcd16x2_i2c.o
                0x000000000800168c                lcd16x2_i2c_init
 .text.lcd16x2_i2c_setCursor
                0x0000000008001764       0x48 ./Core/Src/lcd16x2_i2c.o
                0x0000000008001764                lcd16x2_i2c_setCursor
 .text.lcd16x2_i2c_printf
                0x00000000080017ac       0x60 ./Core/Src/lcd16x2_i2c.o
                0x00000000080017ac                lcd16x2_i2c_printf
 .text.main     0x000000000800180c       0xbc ./Core/Src/main.o
                0x000000000800180c                main
 .text.SystemClock_Config
                0x00000000080018c8       0xd4 ./Core/Src/main.o
                0x00000000080018c8                SystemClock_Config
 .text.MX_ADC1_Init
                0x000000000800199c       0xa4 ./Core/Src/main.o
 .text.MX_I2C1_Init
                0x0000000008001a40       0x5c ./Core/Src/main.o
 .text.MX_I2C3_Init
                0x0000000008001a9c       0x5c ./Core/Src/main.o
 .text.MX_SPI1_Init
                0x0000000008001af8       0x6c ./Core/Src/main.o
 .text.MX_TIM2_Init
                0x0000000008001b64       0x9c ./Core/Src/main.o
 .text.MX_TIM3_Init
                0x0000000008001c00      0x118 ./Core/Src/main.o
 .text.MX_TIM4_Init
                0x0000000008001d18       0x98 ./Core/Src/main.o
 .text.MX_USART2_UART_Init
                0x0000000008001db0       0x54 ./Core/Src/main.o
 .text.MX_USART6_UART_Init
                0x0000000008001e04       0x54 ./Core/Src/main.o
 .text.MX_GPIO_Init
                0x0000000008001e58      0x194 ./Core/Src/main.o
 .text.HAL_UART_RxCpltCallback
                0x0000000008001fec      0x23c ./Core/Src/main.o
                0x0000000008001fec                HAL_UART_RxCpltCallback
 .text.HAL_TIM_PeriodElapsedCallback
                0x0000000008002228       0xc0 ./Core/Src/main.o
                0x0000000008002228                HAL_TIM_PeriodElapsedCallback
 .text.transmitData
                0x00000000080022e8      0x104 ./Core/Src/main.o
                0x00000000080022e8                transmitData
 .text.printLcd
                0x00000000080023ec       0x90 ./Core/Src/main.o
                0x00000000080023ec                printLcd
 .text.getADCValue
                0x000000000800247c       0x54 ./Core/Src/main.o
                0x000000000800247c                getADCValue
 .text.checkSaveDistance
                0x00000000080024d0       0x50 ./Core/Src/main.o
                0x00000000080024d0                checkSaveDistance
 .text.setMotor
                0x0000000008002520       0xf0 ./Core/Src/main.o
                0x0000000008002520                setMotor
 .text.setBuzzer
                0x0000000008002610       0xa0 ./Core/Src/main.o
                0x0000000008002610                setBuzzer
 .text.map      0x00000000080026b0       0xa4 ./Core/Src/main.o
                0x00000000080026b0                map
 *fill*         0x0000000008002754        0x4 
 .text.getDistance
                0x0000000008002758       0xd4 ./Core/Src/main.o
                0x0000000008002758                getDistance
 .text.usDelay  0x000000000800282c       0x64 ./Core/Src/main.o
                0x000000000800282c                usDelay
 .text.getGYROandACCR
                0x0000000008002890       0x1c ./Core/Src/main.o
                0x0000000008002890                getGYROandACCR
 .text.Error_Handler
                0x00000000080028ac        0xa ./Core/Src/main.o
                0x00000000080028ac                Error_Handler
 *fill*         0x00000000080028b6        0x2 
 .text.I2Cx_Init
                0x00000000080028b8       0x64 ./Core/Src/stm32f401_discovery.o
 .text.I2Cx_WriteData
                0x000000000800291c       0x50 ./Core/Src/stm32f401_discovery.o
 .text.I2Cx_ReadData
                0x000000000800296c       0x58 ./Core/Src/stm32f401_discovery.o
 .text.I2Cx_Error
                0x00000000080029c4       0x18 ./Core/Src/stm32f401_discovery.o
 .text.I2Cx_MspInit
                0x00000000080029dc       0xac ./Core/Src/stm32f401_discovery.o
 .text.SPIx_Init
                0x0000000008002a88       0x74 ./Core/Src/stm32f401_discovery.o
 .text.SPIx_WriteRead
                0x0000000008002afc       0x40 ./Core/Src/stm32f401_discovery.o
 .text.SPIx_Error
                0x0000000008002b3c       0x18 ./Core/Src/stm32f401_discovery.o
 .text.SPIx_MspInit
                0x0000000008002b54       0x70 ./Core/Src/stm32f401_discovery.o
 .text.GYRO_IO_Init
                0x0000000008002bc4       0x94 ./Core/Src/stm32f401_discovery.o
                0x0000000008002bc4                GYRO_IO_Init
 .text.GYRO_IO_Write
                0x0000000008002c58       0x64 ./Core/Src/stm32f401_discovery.o
                0x0000000008002c58                GYRO_IO_Write
 .text.GYRO_IO_Read
                0x0000000008002cbc       0x74 ./Core/Src/stm32f401_discovery.o
                0x0000000008002cbc                GYRO_IO_Read
 .text.COMPASSACCELERO_IO_Init
                0x0000000008002d30       0x50 ./Core/Src/stm32f401_discovery.o
                0x0000000008002d30                COMPASSACCELERO_IO_Init
 .text.COMPASSACCELERO_IO_ITConfig
                0x0000000008002d80       0x60 ./Core/Src/stm32f401_discovery.o
                0x0000000008002d80                COMPASSACCELERO_IO_ITConfig
 .text.COMPASSACCELERO_IO_Write
                0x0000000008002de0       0x26 ./Core/Src/stm32f401_discovery.o
                0x0000000008002de0                COMPASSACCELERO_IO_Write
 .text.COMPASSACCELERO_IO_Read
                0x0000000008002e06       0x26 ./Core/Src/stm32f401_discovery.o
                0x0000000008002e06                COMPASSACCELERO_IO_Read
 .text.BSP_ACCELERO_Init
                0x0000000008002e2c       0xd8 ./Core/Src/stm32f401_discovery_accelerometer.o
                0x0000000008002e2c                BSP_ACCELERO_Init
 .text.BSP_ACCELERO_GetXYZ
                0x0000000008002f04       0x58 ./Core/Src/stm32f401_discovery_accelerometer.o
                0x0000000008002f04                BSP_ACCELERO_GetXYZ
 .text.BSP_GYRO_Init
                0x0000000008002f5c       0xcc ./Core/Src/stm32f401_discovery_gyroscope.o
                0x0000000008002f5c                BSP_GYRO_Init
 .text.BSP_GYRO_GetXYZ
                0x0000000008003028       0x28 ./Core/Src/stm32f401_discovery_gyroscope.o
                0x0000000008003028                BSP_GYRO_GetXYZ
 .text.HAL_MspInit
                0x0000000008003050       0x50 ./Core/Src/stm32f4xx_hal_msp.o
                0x0000000008003050                HAL_MspInit
 .text.HAL_ADC_MspInit
                0x00000000080030a0       0x88 ./Core/Src/stm32f4xx_hal_msp.o
                0x00000000080030a0                HAL_ADC_MspInit
 .text.HAL_I2C_MspInit
                0x0000000008003128      0x140 ./Core/Src/stm32f4xx_hal_msp.o
                0x0000000008003128                HAL_I2C_MspInit
 .text.HAL_I2C_MspDeInit
                0x0000000008003268       0x7c ./Core/Src/stm32f4xx_hal_msp.o
                0x0000000008003268                HAL_I2C_MspDeInit
 .text.HAL_SPI_MspInit
                0x00000000080032e4       0x90 ./Core/Src/stm32f4xx_hal_msp.o
                0x00000000080032e4                HAL_SPI_MspInit
 .text.HAL_SPI_MspDeInit
                0x0000000008003374       0x3c ./Core/Src/stm32f4xx_hal_msp.o
                0x0000000008003374                HAL_SPI_MspDeInit
 .text.HAL_TIM_Base_MspInit
                0x00000000080033b0       0xc4 ./Core/Src/stm32f4xx_hal_msp.o
                0x00000000080033b0                HAL_TIM_Base_MspInit
 .text.HAL_TIM_MspPostInit
                0x0000000008003474       0xb4 ./Core/Src/stm32f4xx_hal_msp.o
                0x0000000008003474                HAL_TIM_MspPostInit
 .text.HAL_UART_MspInit
                0x0000000008003528      0x11c ./Core/Src/stm32f4xx_hal_msp.o
                0x0000000008003528                HAL_UART_MspInit
 .text.NMI_Handler
                0x0000000008003644        0x6 ./Core/Src/stm32f4xx_it.o
                0x0000000008003644                NMI_Handler
 .text.HardFault_Handler
                0x000000000800364a        0x6 ./Core/Src/stm32f4xx_it.o
                0x000000000800364a                HardFault_Handler
 .text.MemManage_Handler
                0x0000000008003650        0x6 ./Core/Src/stm32f4xx_it.o
                0x0000000008003650                MemManage_Handler
 .text.BusFault_Handler
                0x0000000008003656        0x6 ./Core/Src/stm32f4xx_it.o
                0x0000000008003656                BusFault_Handler
 .text.UsageFault_Handler
                0x000000000800365c        0x6 ./Core/Src/stm32f4xx_it.o
                0x000000000800365c                UsageFault_Handler
 .text.SVC_Handler
                0x0000000008003662        0xe ./Core/Src/stm32f4xx_it.o
                0x0000000008003662                SVC_Handler
 .text.DebugMon_Handler
                0x0000000008003670        0xe ./Core/Src/stm32f4xx_it.o
                0x0000000008003670                DebugMon_Handler
 .text.PendSV_Handler
                0x000000000800367e        0xe ./Core/Src/stm32f4xx_it.o
                0x000000000800367e                PendSV_Handler
 .text.SysTick_Handler
                0x000000000800368c        0xc ./Core/Src/stm32f4xx_it.o
                0x000000000800368c                SysTick_Handler
 .text.TIM2_IRQHandler
                0x0000000008003698       0x14 ./Core/Src/stm32f4xx_it.o
                0x0000000008003698                TIM2_IRQHandler
 .text.TIM3_IRQHandler
                0x00000000080036ac       0x14 ./Core/Src/stm32f4xx_it.o
                0x00000000080036ac                TIM3_IRQHandler
 .text.TIM4_IRQHandler
                0x00000000080036c0       0x14 ./Core/Src/stm32f4xx_it.o
                0x00000000080036c0                TIM4_IRQHandler
 .text.USART2_IRQHandler
                0x00000000080036d4       0x14 ./Core/Src/stm32f4xx_it.o
                0x00000000080036d4                USART2_IRQHandler
 .text.USART6_IRQHandler
                0x00000000080036e8       0x14 ./Core/Src/stm32f4xx_it.o
                0x00000000080036e8                USART6_IRQHandler
 .text._sbrk    0x00000000080036fc       0x6c ./Core/Src/sysmem.o
                0x00000000080036fc                _sbrk
 .text.SystemInit
                0x0000000008003768       0x24 ./Core/Src/system_stm32f4xx.o
                0x0000000008003768                SystemInit
 .text.Reset_Handler
                0x000000000800378c       0x50 ./Core/Startup/startup_stm32f401vctx.o
                0x000000000800378c                Reset_Handler
 .text.Default_Handler
                0x00000000080037dc        0x2 ./Core/Startup/startup_stm32f401vctx.o
                0x00000000080037dc                RTC_Alarm_IRQHandler
                0x00000000080037dc                EXTI2_IRQHandler
                0x00000000080037dc                SPI4_IRQHandler
                0x00000000080037dc                TIM1_CC_IRQHandler
                0x00000000080037dc                DMA2_Stream5_IRQHandler
                0x00000000080037dc                DMA1_Stream5_IRQHandler
                0x00000000080037dc                PVD_IRQHandler
                0x00000000080037dc                SDIO_IRQHandler
                0x00000000080037dc                TAMP_STAMP_IRQHandler
                0x00000000080037dc                EXTI3_IRQHandler
                0x00000000080037dc                TIM1_UP_TIM10_IRQHandler
                0x00000000080037dc                I2C3_ER_IRQHandler
                0x00000000080037dc                EXTI0_IRQHandler
                0x00000000080037dc                I2C2_EV_IRQHandler
                0x00000000080037dc                DMA1_Stream2_IRQHandler
                0x00000000080037dc                FPU_IRQHandler
                0x00000000080037dc                DMA2_Stream2_IRQHandler
                0x00000000080037dc                SPI1_IRQHandler
                0x00000000080037dc                TIM1_BRK_TIM9_IRQHandler
                0x00000000080037dc                DMA2_Stream3_IRQHandler
                0x00000000080037dc                DMA2_Stream0_IRQHandler
                0x00000000080037dc                I2C1_EV_IRQHandler
                0x00000000080037dc                DMA1_Stream6_IRQHandler
                0x00000000080037dc                DMA1_Stream1_IRQHandler
                0x00000000080037dc                RCC_IRQHandler
                0x00000000080037dc                Default_Handler
                0x00000000080037dc                EXTI15_10_IRQHandler
                0x00000000080037dc                ADC_IRQHandler
                0x00000000080037dc                DMA1_Stream7_IRQHandler
                0x00000000080037dc                TIM5_IRQHandler
                0x00000000080037dc                DMA2_Stream7_IRQHandler
                0x00000000080037dc                I2C3_EV_IRQHandler
                0x00000000080037dc                EXTI9_5_IRQHandler
                0x00000000080037dc                RTC_WKUP_IRQHandler
                0x00000000080037dc                SPI2_IRQHandler
                0x00000000080037dc                DMA1_Stream0_IRQHandler
                0x00000000080037dc                EXTI4_IRQHandler
                0x00000000080037dc                WWDG_IRQHandler
                0x00000000080037dc                OTG_FS_WKUP_IRQHandler
                0x00000000080037dc                TIM1_TRG_COM_TIM11_IRQHandler
                0x00000000080037dc                EXTI1_IRQHandler
                0x00000000080037dc                I2C2_ER_IRQHandler
                0x00000000080037dc                DMA2_Stream1_IRQHandler
                0x00000000080037dc                FLASH_IRQHandler
                0x00000000080037dc                DMA2_Stream4_IRQHandler
                0x00000000080037dc                USART1_IRQHandler
                0x00000000080037dc                OTG_FS_IRQHandler
                0x00000000080037dc                SPI3_IRQHandler
                0x00000000080037dc                DMA1_Stream4_IRQHandler
                0x00000000080037dc                I2C1_ER_IRQHandler
                0x00000000080037dc                DMA2_Stream6_IRQHandler
                0x00000000080037dc                DMA1_Stream3_IRQHandler
 *fill*         0x00000000080037de        0x2 
 .text.HAL_Init
                0x00000000080037e0       0x44 ./Drivers/STM32F4xx_HAL_Driver/Src/stm32f4xx_hal.o
                0x00000000080037e0                HAL_Init
 .text.HAL_InitTick
                0x0000000008003824       0x60 ./Drivers/STM32F4xx_HAL_Driver/Src/stm32f4xx_hal.o
                0x0000000008003824                HAL_InitTick
 .text.HAL_IncTick
                0x0000000008003884       0x28 ./Drivers/STM32F4xx_HAL_Driver/Src/stm32f4xx_hal.o
                0x0000000008003884                HAL_IncTick
 .text.HAL_GetTick
                0x00000000080038ac       0x18 ./Drivers/STM32F4xx_HAL_Driver/Src/stm32f4xx_hal.o
                0x00000000080038ac                HAL_GetTick
 .text.HAL_Delay
                0x00000000080038c4       0x48 ./Drivers/STM32F4xx_HAL_Driver/Src/stm32f4xx_hal.o
                0x00000000080038c4                HAL_Delay
 .text.HAL_ADC_Init
                0x000000000800390c       0x86 ./Drivers/STM32F4xx_HAL_Driver/Src/stm32f4xx_hal_adc.o
                0x000000000800390c                HAL_ADC_Init
 *fill*         0x0000000008003992        0x2 
 .text.HAL_ADC_Start
                0x0000000008003994      0x168 ./Drivers/STM32F4xx_HAL_Driver/Src/stm32f4xx_hal_adc.o
                0x0000000008003994                HAL_ADC_Start
 .text.HAL_ADC_PollForConversion
                0x0000000008003afc      0x116 ./Drivers/STM32F4xx_HAL_Driver/Src/stm32f4xx_hal_adc.o
                0x0000000008003afc                HAL_ADC_PollForConversion
 .text.HAL_ADC_GetValue
                0x0000000008003c12       0x1a ./Drivers/STM32F4xx_HAL_Driver/Src/stm32f4xx_hal_adc.o
                0x0000000008003c12                HAL_ADC_GetValue
 .text.HAL_ADC_ConfigChannel
                0x0000000008003c2c      0x244 ./Drivers/STM32F4xx_HAL_Driver/Src/stm32f4xx_hal_adc.o
                0x0000000008003c2c                HAL_ADC_ConfigChannel
 .text.ADC_Init
                0x0000000008003e70      0x1f8 ./Drivers/STM32F4xx_HAL_Driver/Src/stm32f4xx_hal_adc.o
 .text.__NVIC_SetPriorityGrouping
                0x0000000008004068       0x48 ./Drivers/STM32F4xx_HAL_Driver/Src/stm32f4xx_hal_cortex.o
 .text.__NVIC_GetPriorityGrouping
                0x00000000080040b0       0x1c ./Drivers/STM32F4xx_HAL_Driver/Src/stm32f4xx_hal_cortex.o
 .text.__NVIC_EnableIRQ
                0x00000000080040cc       0x3c ./Drivers/STM32F4xx_HAL_Driver/Src/stm32f4xx_hal_cortex.o
 .text.__NVIC_SetPriority
                0x0000000008004108       0x54 ./Drivers/STM32F4xx_HAL_Driver/Src/stm32f4xx_hal_cortex.o
 .text.NVIC_EncodePriority
                0x000000000800415c       0x66 ./Drivers/STM32F4xx_HAL_Driver/Src/stm32f4xx_hal_cortex.o
 *fill*         0x00000000080041c2        0x2 
 .text.SysTick_Config
                0x00000000080041c4       0x44 ./Drivers/STM32F4xx_HAL_Driver/Src/stm32f4xx_hal_cortex.o
 .text.HAL_NVIC_SetPriorityGrouping
                0x0000000008004208       0x16 ./Drivers/STM32F4xx_HAL_Driver/Src/stm32f4xx_hal_cortex.o
                0x0000000008004208                HAL_NVIC_SetPriorityGrouping
 .text.HAL_NVIC_SetPriority
                0x000000000800421e       0x38 ./Drivers/STM32F4xx_HAL_Driver/Src/stm32f4xx_hal_cortex.o
                0x000000000800421e                HAL_NVIC_SetPriority
 .text.HAL_NVIC_EnableIRQ
                0x0000000008004256       0x1c ./Drivers/STM32F4xx_HAL_Driver/Src/stm32f4xx_hal_cortex.o
                0x0000000008004256                HAL_NVIC_EnableIRQ
 .text.HAL_SYSTICK_Config
                0x0000000008004272       0x18 ./Drivers/STM32F4xx_HAL_Driver/Src/stm32f4xx_hal_cortex.o
                0x0000000008004272                HAL_SYSTICK_Config
 .text.HAL_DMA_Abort
                0x000000000800428a       0xe0 ./Drivers/STM32F4xx_HAL_Driver/Src/stm32f4xx_hal_dma.o
                0x000000000800428a                HAL_DMA_Abort
 .text.HAL_DMA_Abort_IT
                0x000000000800436a       0x44 ./Drivers/STM32F4xx_HAL_Driver/Src/stm32f4xx_hal_dma.o
                0x000000000800436a                HAL_DMA_Abort_IT
 *fill*         0x00000000080043ae        0x2 
 .text.HAL_GPIO_Init
                0x00000000080043b0      0x308 ./Drivers/STM32F4xx_HAL_Driver/Src/stm32f4xx_hal_gpio.o
                0x00000000080043b0                HAL_GPIO_Init
 .text.HAL_GPIO_DeInit
                0x00000000080046b8      0x1c8 ./Drivers/STM32F4xx_HAL_Driver/Src/stm32f4xx_hal_gpio.o
                0x00000000080046b8                HAL_GPIO_DeInit
 .text.HAL_GPIO_ReadPin
                0x0000000008004880       0x30 ./Drivers/STM32F4xx_HAL_Driver/Src/stm32f4xx_hal_gpio.o
                0x0000000008004880                HAL_GPIO_ReadPin
 .text.HAL_GPIO_WritePin
                0x00000000080048b0       0x32 ./Drivers/STM32F4xx_HAL_Driver/Src/stm32f4xx_hal_gpio.o
                0x00000000080048b0                HAL_GPIO_WritePin
 .text.HAL_GPIO_TogglePin
                0x00000000080048e2       0x34 ./Drivers/STM32F4xx_HAL_Driver/Src/stm32f4xx_hal_gpio.o
                0x00000000080048e2                HAL_GPIO_TogglePin
 *fill*         0x0000000008004916        0x2 
 .text.HAL_I2C_Init
                0x0000000008004918      0x288 ./Drivers/STM32F4xx_HAL_Driver/Src/stm32f4xx_hal_i2c.o
                0x0000000008004918                HAL_I2C_Init
 .text.HAL_I2C_DeInit
                0x0000000008004ba0       0x5e ./Drivers/STM32F4xx_HAL_Driver/Src/stm32f4xx_hal_i2c.o
                0x0000000008004ba0                HAL_I2C_DeInit
 *fill*         0x0000000008004bfe        0x2 
 .text.HAL_I2C_Master_Transmit
                0x0000000008004c00      0x1fc ./Drivers/STM32F4xx_HAL_Driver/Src/stm32f4xx_hal_i2c.o
                0x0000000008004c00                HAL_I2C_Master_Transmit
 .text.HAL_I2C_Mem_Write
                0x0000000008004dfc      0x1f4 ./Drivers/STM32F4xx_HAL_Driver/Src/stm32f4xx_hal_i2c.o
                0x0000000008004dfc                HAL_I2C_Mem_Write
 .text.HAL_I2C_Mem_Read
                0x0000000008004ff0      0x44c ./Drivers/STM32F4xx_HAL_Driver/Src/stm32f4xx_hal_i2c.o
                0x0000000008004ff0                HAL_I2C_Mem_Read
 .text.HAL_I2C_IsDeviceReady
                0x000000000800543c      0x25c ./Drivers/STM32F4xx_HAL_Driver/Src/stm32f4xx_hal_i2c.o
                0x000000000800543c                HAL_I2C_IsDeviceReady
 .text.HAL_I2C_GetState
                0x0000000008005698       0x1c ./Drivers/STM32F4xx_HAL_Driver/Src/stm32f4xx_hal_i2c.o
                0x0000000008005698                HAL_I2C_GetState
 .text.I2C_MasterRequestWrite
                0x00000000080056b4      0x104 ./Drivers/STM32F4xx_HAL_Driver/Src/stm32f4xx_hal_i2c.o
 .text.I2C_RequestMemoryWrite
                0x00000000080057b8      0x12c ./Drivers/STM32F4xx_HAL_Driver/Src/stm32f4xx_hal_i2c.o
 .text.I2C_RequestMemoryRead
                0x00000000080058e4      0x1d0 ./Drivers/STM32F4xx_HAL_Driver/Src/stm32f4xx_hal_i2c.o
 .text.I2C_WaitOnFlagUntilTimeout
                0x0000000008005ab4       0xae ./Drivers/STM32F4xx_HAL_Driver/Src/stm32f4xx_hal_i2c.o
 .text.I2C_WaitOnMasterAddressFlagUntilTimeout
                0x0000000008005b62       0xfe ./Drivers/STM32F4xx_HAL_Driver/Src/stm32f4xx_hal_i2c.o
 .text.I2C_WaitOnTXEFlagUntilTimeout
                0x0000000008005c60       0x82 ./Drivers/STM32F4xx_HAL_Driver/Src/stm32f4xx_hal_i2c.o
 .text.I2C_WaitOnBTFFlagUntilTimeout
                0x0000000008005ce2       0x82 ./Drivers/STM32F4xx_HAL_Driver/Src/stm32f4xx_hal_i2c.o
 .text.I2C_WaitOnRXNEFlagUntilTimeout
                0x0000000008005d64       0xac ./Drivers/STM32F4xx_HAL_Driver/Src/stm32f4xx_hal_i2c.o
 .text.I2C_IsAcknowledgeFailed
                0x0000000008005e10       0x5e ./Drivers/STM32F4xx_HAL_Driver/Src/stm32f4xx_hal_i2c.o
 *fill*         0x0000000008005e6e        0x2 
 .text.HAL_RCC_OscConfig
                0x0000000008005e70      0x4f0 ./Drivers/STM32F4xx_HAL_Driver/Src/stm32f4xx_hal_rcc.o
                0x0000000008005e70                HAL_RCC_OscConfig
 .text.HAL_RCC_ClockConfig
                0x0000000008006360      0x1cc ./Drivers/STM32F4xx_HAL_Driver/Src/stm32f4xx_hal_rcc.o
                0x0000000008006360                HAL_RCC_ClockConfig
 .text.HAL_RCC_GetSysClockFreq
                0x000000000800652c      0x16c ./Drivers/STM32F4xx_HAL_Driver/Src/stm32f4xx_hal_rcc.o
                0x000000000800652c                HAL_RCC_GetSysClockFreq
 .text.HAL_RCC_GetHCLKFreq
                0x0000000008006698       0x18 ./Drivers/STM32F4xx_HAL_Driver/Src/stm32f4xx_hal_rcc.o
                0x0000000008006698                HAL_RCC_GetHCLKFreq
 .text.HAL_RCC_GetPCLK1Freq
                0x00000000080066b0       0x28 ./Drivers/STM32F4xx_HAL_Driver/Src/stm32f4xx_hal_rcc.o
                0x00000000080066b0                HAL_RCC_GetPCLK1Freq
 .text.HAL_RCC_GetPCLK2Freq
                0x00000000080066d8       0x28 ./Drivers/STM32F4xx_HAL_Driver/Src/stm32f4xx_hal_rcc.o
                0x00000000080066d8                HAL_RCC_GetPCLK2Freq
 .text.HAL_SPI_Init
                0x0000000008006700      0x112 ./Drivers/STM32F4xx_HAL_Driver/Src/stm32f4xx_hal_spi.o
                0x0000000008006700                HAL_SPI_Init
 .text.HAL_SPI_DeInit
                0x0000000008006812       0x50 ./Drivers/STM32F4xx_HAL_Driver/Src/stm32f4xx_hal_spi.o
                0x0000000008006812                HAL_SPI_DeInit
 .text.HAL_SPI_TransmitReceive
                0x0000000008006862      0x344 ./Drivers/STM32F4xx_HAL_Driver/Src/stm32f4xx_hal_spi.o
                0x0000000008006862                HAL_SPI_TransmitReceive
 .text.HAL_SPI_GetState
                0x0000000008006ba6       0x1c ./Drivers/STM32F4xx_HAL_Driver/Src/stm32f4xx_hal_spi.o
                0x0000000008006ba6                HAL_SPI_GetState
 *fill*         0x0000000008006bc2        0x2 
 .text.SPI_WaitFlagStateUntilTimeout
                0x0000000008006bc4      0x110 ./Drivers/STM32F4xx_HAL_Driver/Src/stm32f4xx_hal_spi.o
 .text.SPI_EndRxTxTransaction
                0x0000000008006cd4       0x84 ./Drivers/STM32F4xx_HAL_Driver/Src/stm32f4xx_hal_spi.o
 .text.HAL_TIM_Base_Init
                0x0000000008006d58       0x9e ./Drivers/STM32F4xx_HAL_Driver/Src/stm32f4xx_hal_tim.o
                0x0000000008006d58                HAL_TIM_Base_Init
 *fill*         0x0000000008006df6        0x2 
 .text.HAL_TIM_Base_Start_IT
                0x0000000008006df8       0xc4 ./Drivers/STM32F4xx_HAL_Driver/Src/stm32f4xx_hal_tim.o
                0x0000000008006df8                HAL_TIM_Base_Start_IT
 .text.HAL_TIM_PWM_Init
                0x0000000008006ebc       0x9e ./Drivers/STM32F4xx_HAL_Driver/Src/stm32f4xx_hal_tim.o
                0x0000000008006ebc                HAL_TIM_PWM_Init
 .text.HAL_TIM_PWM_MspInit
                0x0000000008006f5a       0x14 ./Drivers/STM32F4xx_HAL_Driver/Src/stm32f4xx_hal_tim.o
                0x0000000008006f5a                HAL_TIM_PWM_MspInit
 *fill*         0x0000000008006f6e        0x2 
 .text.HAL_TIM_PWM_Start
                0x0000000008006f70      0x160 ./Drivers/STM32F4xx_HAL_Driver/Src/stm32f4xx_hal_tim.o
                0x0000000008006f70                HAL_TIM_PWM_Start
 .text.HAL_TIM_IRQHandler
                0x00000000080070d0      0x210 ./Drivers/STM32F4xx_HAL_Driver/Src/stm32f4xx_hal_tim.o
                0x00000000080070d0                HAL_TIM_IRQHandler
 .text.HAL_TIM_PWM_ConfigChannel
                0x00000000080072e0      0x184 ./Drivers/STM32F4xx_HAL_Driver/Src/stm32f4xx_hal_tim.o
                0x00000000080072e0                HAL_TIM_PWM_ConfigChannel
 .text.HAL_TIM_ConfigClockSource
                0x0000000008007464      0x18e ./Drivers/STM32F4xx_HAL_Driver/Src/stm32f4xx_hal_tim.o
                0x0000000008007464                HAL_TIM_ConfigClockSource
 .text.HAL_TIM_OC_DelayElapsedCallback
                0x00000000080075f2       0x14 ./Drivers/STM32F4xx_HAL_Driver/Src/stm32f4xx_hal_tim.o
                0x00000000080075f2                HAL_TIM_OC_DelayElapsedCallback
 .text.HAL_TIM_IC_CaptureCallback
                0x0000000008007606       0x14 ./Drivers/STM32F4xx_HAL_Driver/Src/stm32f4xx_hal_tim.o
                0x0000000008007606                HAL_TIM_IC_CaptureCallback
 .text.HAL_TIM_PWM_PulseFinishedCallback
                0x000000000800761a       0x14 ./Drivers/STM32F4xx_HAL_Driver/Src/stm32f4xx_hal_tim.o
                0x000000000800761a                HAL_TIM_PWM_PulseFinishedCallback
 .text.HAL_TIM_TriggerCallback
                0x000000000800762e       0x14 ./Drivers/STM32F4xx_HAL_Driver/Src/stm32f4xx_hal_tim.o
                0x000000000800762e                HAL_TIM_TriggerCallback
 *fill*         0x0000000008007642        0x2 
 .text.TIM_Base_SetConfig
                0x0000000008007644      0x100 ./Drivers/STM32F4xx_HAL_Driver/Src/stm32f4xx_hal_tim.o
                0x0000000008007644                TIM_Base_SetConfig
 .text.TIM_OC1_SetConfig
                0x0000000008007744       0xcc ./Drivers/STM32F4xx_HAL_Driver/Src/stm32f4xx_hal_tim.o
 .text.TIM_OC2_SetConfig
                0x0000000008007810       0xd8 ./Drivers/STM32F4xx_HAL_Driver/Src/stm32f4xx_hal_tim.o
                0x0000000008007810                TIM_OC2_SetConfig
 .text.TIM_OC3_SetConfig
                0x00000000080078e8       0xd4 ./Drivers/STM32F4xx_HAL_Driver/Src/stm32f4xx_hal_tim.o
 .text.TIM_OC4_SetConfig
                0x00000000080079bc       0xa0 ./Drivers/STM32F4xx_HAL_Driver/Src/stm32f4xx_hal_tim.o
 .text.TIM_TI1_ConfigInputStage
                0x0000000008007a5c       0x5e ./Drivers/STM32F4xx_HAL_Driver/Src/stm32f4xx_hal_tim.o
 .text.TIM_TI2_ConfigInputStage
                0x0000000008007aba       0x60 ./Drivers/STM32F4xx_HAL_Driver/Src/stm32f4xx_hal_tim.o
 .text.TIM_ITRx_SetConfig
                0x0000000008007b1a       0x36 ./Drivers/STM32F4xx_HAL_Driver/Src/stm32f4xx_hal_tim.o
 .text.TIM_ETR_SetConfig
                0x0000000008007b50       0x40 ./Drivers/STM32F4xx_HAL_Driver/Src/stm32f4xx_hal_tim.o
                0x0000000008007b50                TIM_ETR_SetConfig
 .text.TIM_CCxChannelCmd
                0x0000000008007b90       0x4a ./Drivers/STM32F4xx_HAL_Driver/Src/stm32f4xx_hal_tim.o
                0x0000000008007b90                TIM_CCxChannelCmd
 *fill*         0x0000000008007bda        0x2 
 .text.HAL_TIMEx_MasterConfigSynchronization
                0x0000000008007bdc       0xdc ./Drivers/STM32F4xx_HAL_Driver/Src/stm32f4xx_hal_tim_ex.o
                0x0000000008007bdc                HAL_TIMEx_MasterConfigSynchronization
 .text.HAL_TIMEx_CommutCallback
                0x0000000008007cb8       0x14 ./Drivers/STM32F4xx_HAL_Driver/Src/stm32f4xx_hal_tim_ex.o
                0x0000000008007cb8                HAL_TIMEx_CommutCallback
 .text.HAL_TIMEx_BreakCallback
                0x0000000008007ccc       0x14 ./Drivers/STM32F4xx_HAL_Driver/Src/stm32f4xx_hal_tim_ex.o
                0x0000000008007ccc                HAL_TIMEx_BreakCallback
 .text.HAL_UART_Init
                0x0000000008007ce0       0x9a ./Drivers/STM32F4xx_HAL_Driver/Src/stm32f4xx_hal_uart.o
                0x0000000008007ce0                HAL_UART_Init
 .text.HAL_UART_Transmit_IT
                0x0000000008007d7a       0x8a ./Drivers/STM32F4xx_HAL_Driver/Src/stm32f4xx_hal_uart.o
                0x0000000008007d7a                HAL_UART_Transmit_IT
 .text.HAL_UART_Receive_IT
                0x0000000008007e04       0x60 ./Drivers/STM32F4xx_HAL_Driver/Src/stm32f4xx_hal_uart.o
                0x0000000008007e04                HAL_UART_Receive_IT
 .text.HAL_UART_IRQHandler
                0x0000000008007e64      0x51c ./Drivers/STM32F4xx_HAL_Driver/Src/stm32f4xx_hal_uart.o
                0x0000000008007e64                HAL_UART_IRQHandler
 .text.HAL_UART_TxCpltCallback
                0x0000000008008380       0x14 ./Drivers/STM32F4xx_HAL_Driver/Src/stm32f4xx_hal_uart.o
                0x0000000008008380                HAL_UART_TxCpltCallback
 .text.HAL_UART_ErrorCallback
                0x0000000008008394       0x14 ./Drivers/STM32F4xx_HAL_Driver/Src/stm32f4xx_hal_uart.o
                0x0000000008008394                HAL_UART_ErrorCallback
 .text.HAL_UARTEx_RxEventCallback
                0x00000000080083a8       0x18 ./Drivers/STM32F4xx_HAL_Driver/Src/stm32f4xx_hal_uart.o
                0x00000000080083a8                HAL_UARTEx_RxEventCallback
 .text.UART_Start_Receive_IT
                0x00000000080083c0       0x74 ./Drivers/STM32F4xx_HAL_Driver/Src/stm32f4xx_hal_uart.o
                0x00000000080083c0                UART_Start_Receive_IT
 .text.UART_EndRxTransfer
                0x0000000008008434       0xc6 ./Drivers/STM32F4xx_HAL_Driver/Src/stm32f4xx_hal_uart.o
 .text.UART_DMAAbortOnError
                0x00000000080084fa       0x28 ./Drivers/STM32F4xx_HAL_Driver/Src/stm32f4xx_hal_uart.o
 .text.UART_Transmit_IT
                0x0000000008008522       0xa0 ./Drivers/STM32F4xx_HAL_Driver/Src/stm32f4xx_hal_uart.o
 .text.UART_EndTransmit_IT
                0x00000000080085c2       0x30 ./Drivers/STM32F4xx_HAL_Driver/Src/stm32f4xx_hal_uart.o
 .text.UART_Receive_IT
                0x00000000080085f2      0x176 ./Drivers/STM32F4xx_HAL_Driver/Src/stm32f4xx_hal_uart.o
 .text.UART_SetConfig
                0x0000000008008768      0x390 ./Drivers/STM32F4xx_HAL_Driver/Src/stm32f4xx_hal_uart.o
 .text.__errno  0x0000000008008af8        0xc c:/st/stm32cubeide_1.7.0/stm32cubeide/plugins/com.st.stm32cube.ide.mcu.externaltools.gnu-tools-for-stm32.9-2020-q2-update.win32_2.0.0.202105311346/tools/bin/../lib/gcc/arm-none-eabi/9.3.1/../../../../arm-none-eabi/lib/thumb/v7e-m+fp/hard\libc_nano.a(lib_a-errno.o)
                0x0000000008008af8                __errno
 .text.__libc_init_array
                0x0000000008008b04       0x48 c:/st/stm32cubeide_1.7.0/stm32cubeide/plugins/com.st.stm32cube.ide.mcu.externaltools.gnu-tools-for-stm32.9-2020-q2-update.win32_2.0.0.202105311346/tools/bin/../lib/gcc/arm-none-eabi/9.3.1/../../../../arm-none-eabi/lib/thumb/v7e-m+fp/hard\libc_nano.a(lib_a-init.o)
                0x0000000008008b04                __libc_init_array
 .text.memset   0x0000000008008b4c       0x10 c:/st/stm32cubeide_1.7.0/stm32cubeide/plugins/com.st.stm32cube.ide.mcu.externaltools.gnu-tools-for-stm32.9-2020-q2-update.win32_2.0.0.202105311346/tools/bin/../lib/gcc/arm-none-eabi/9.3.1/../../../../arm-none-eabi/lib/thumb/v7e-m+fp/hard\libc_nano.a(lib_a-memset.o)
                0x0000000008008b4c                memset
 .text.sprintf  0x0000000008008b5c       0x40 c:/st/stm32cubeide_1.7.0/stm32cubeide/plugins/com.st.stm32cube.ide.mcu.externaltools.gnu-tools-for-stm32.9-2020-q2-update.win32_2.0.0.202105311346/tools/bin/../lib/gcc/arm-none-eabi/9.3.1/../../../../arm-none-eabi/lib/thumb/v7e-m+fp/hard\libc_nano.a(lib_a-sprintf.o)
                0x0000000008008b5c                siprintf
                0x0000000008008b5c                sprintf
 .text._vsprintf_r
                0x0000000008008b9c       0x2c c:/st/stm32cubeide_1.7.0/stm32cubeide/plugins/com.st.stm32cube.ide.mcu.externaltools.gnu-tools-for-stm32.9-2020-q2-update.win32_2.0.0.202105311346/tools/bin/../lib/gcc/arm-none-eabi/9.3.1/../../../../arm-none-eabi/lib/thumb/v7e-m+fp/hard\libc_nano.a(lib_a-vsprintf.o)
                0x0000000008008b9c                _vsprintf_r
                0x0000000008008b9c                _vsiprintf_r
 .text.vsprintf
                0x0000000008008bc8       0x14 c:/st/stm32cubeide_1.7.0/stm32cubeide/plugins/com.st.stm32cube.ide.mcu.externaltools.gnu-tools-for-stm32.9-2020-q2-update.win32_2.0.0.202105311346/tools/bin/../lib/gcc/arm-none-eabi/9.3.1/../../../../arm-none-eabi/lib/thumb/v7e-m+fp/hard\libc_nano.a(lib_a-vsprintf.o)
                0x0000000008008bc8                vsiprintf
                0x0000000008008bc8                vsprintf
 .text.__ssputs_r
                0x0000000008008bdc       0xb6 c:/st/stm32cubeide_1.7.0/stm32cubeide/plugins/com.st.stm32cube.ide.mcu.externaltools.gnu-tools-for-stm32.9-2020-q2-update.win32_2.0.0.202105311346/tools/bin/../lib/gcc/arm-none-eabi/9.3.1/../../../../arm-none-eabi/lib/thumb/v7e-m+fp/hard\libc_nano.a(lib_a-nano-svfprintf.o)
                0x0000000008008bdc                __ssputs_r
 *fill*         0x0000000008008c92        0x2 
 .text._svfprintf_r
                0x0000000008008c94      0x200 c:/st/stm32cubeide_1.7.0/stm32cubeide/plugins/com.st.stm32cube.ide.mcu.externaltools.gnu-tools-for-stm32.9-2020-q2-update.win32_2.0.0.202105311346/tools/bin/../lib/gcc/arm-none-eabi/9.3.1/../../../../arm-none-eabi/lib/thumb/v7e-m+fp/hard\libc_nano.a(lib_a-nano-svfprintf.o)
                0x0000000008008c94                _svfiprintf_r
                0x0000000008008c94                _svfprintf_r
 .text._printf_common
                0x0000000008008e94       0xda c:/st/stm32cubeide_1.7.0/stm32cubeide/plugins/com.st.stm32cube.ide.mcu.externaltools.gnu-tools-for-stm32.9-2020-q2-update.win32_2.0.0.202105311346/tools/bin/../lib/gcc/arm-none-eabi/9.3.1/../../../../arm-none-eabi/lib/thumb/v7e-m+fp/hard\libc_nano.a(lib_a-nano-vfprintf_i.o)
                0x0000000008008e94                _printf_common
 *fill*         0x0000000008008f6e        0x2 
 .text._printf_i
                0x0000000008008f70      0x24c c:/st/stm32cubeide_1.7.0/stm32cubeide/plugins/com.st.stm32cube.ide.mcu.externaltools.gnu-tools-for-stm32.9-2020-q2-update.win32_2.0.0.202105311346/tools/bin/../lib/gcc/arm-none-eabi/9.3.1/../../../../arm-none-eabi/lib/thumb/v7e-m+fp/hard\libc_nano.a(lib_a-nano-vfprintf_i.o)
                0x0000000008008f70                _printf_i
 .text.memcpy   0x00000000080091bc       0x1c c:/st/stm32cubeide_1.7.0/stm32cubeide/plugins/com.st.stm32cube.ide.mcu.externaltools.gnu-tools-for-stm32.9-2020-q2-update.win32_2.0.0.202105311346/tools/bin/../lib/gcc/arm-none-eabi/9.3.1/../../../../arm-none-eabi/lib/thumb/v7e-m+fp/hard\libc_nano.a(lib_a-memcpy-stub.o)
                0x00000000080091bc                memcpy
 .text.memmove  0x00000000080091d8       0x34 c:/st/stm32cubeide_1.7.0/stm32cubeide/plugins/com.st.stm32cube.ide.mcu.externaltools.gnu-tools-for-stm32.9-2020-q2-update.win32_2.0.0.202105311346/tools/bin/../lib/gcc/arm-none-eabi/9.3.1/../../../../arm-none-eabi/lib/thumb/v7e-m+fp/hard\libc_nano.a(lib_a-memmove.o)
                0x00000000080091d8                memmove
 .text._free_r  0x000000000800920c       0xa0 c:/st/stm32cubeide_1.7.0/stm32cubeide/plugins/com.st.stm32cube.ide.mcu.externaltools.gnu-tools-for-stm32.9-2020-q2-update.win32_2.0.0.202105311346/tools/bin/../lib/gcc/arm-none-eabi/9.3.1/../../../../arm-none-eabi/lib/thumb/v7e-m+fp/hard\libc_nano.a(lib_a-nano-freer.o)
                0x000000000800920c                _free_r
 .text._malloc_r
                0x00000000080092ac       0xb4 c:/st/stm32cubeide_1.7.0/stm32cubeide/plugins/com.st.stm32cube.ide.mcu.externaltools.gnu-tools-for-stm32.9-2020-q2-update.win32_2.0.0.202105311346/tools/bin/../lib/gcc/arm-none-eabi/9.3.1/../../../../arm-none-eabi/lib/thumb/v7e-m+fp/hard\libc_nano.a(lib_a-nano-mallocr.o)
                0x00000000080092ac                _malloc_r
 .text._realloc_r
                0x0000000008009360       0x4c c:/st/stm32cubeide_1.7.0/stm32cubeide/plugins/com.st.stm32cube.ide.mcu.externaltools.gnu-tools-for-stm32.9-2020-q2-update.win32_2.0.0.202105311346/tools/bin/../lib/gcc/arm-none-eabi/9.3.1/../../../../arm-none-eabi/lib/thumb/v7e-m+fp/hard\libc_nano.a(lib_a-nano-reallocr.o)
                0x0000000008009360                _realloc_r
 .text._sbrk_r  0x00000000080093ac       0x20 c:/st/stm32cubeide_1.7.0/stm32cubeide/plugins/com.st.stm32cube.ide.mcu.externaltools.gnu-tools-for-stm32.9-2020-q2-update.win32_2.0.0.202105311346/tools/bin/../lib/gcc/arm-none-eabi/9.3.1/../../../../arm-none-eabi/lib/thumb/v7e-m+fp/hard\libc_nano.a(lib_a-sbrkr.o)
                0x00000000080093ac                _sbrk_r
 .text.__malloc_lock
                0x00000000080093cc        0xc c:/st/stm32cubeide_1.7.0/stm32cubeide/plugins/com.st.stm32cube.ide.mcu.externaltools.gnu-tools-for-stm32.9-2020-q2-update.win32_2.0.0.202105311346/tools/bin/../lib/gcc/arm-none-eabi/9.3.1/../../../../arm-none-eabi/lib/thumb/v7e-m+fp/hard\libc_nano.a(lib_a-mlock.o)
                0x00000000080093cc                __malloc_lock
 .text.__malloc_unlock
                0x00000000080093d8        0xc c:/st/stm32cubeide_1.7.0/stm32cubeide/plugins/com.st.stm32cube.ide.mcu.externaltools.gnu-tools-for-stm32.9-2020-q2-update.win32_2.0.0.202105311346/tools/bin/../lib/gcc/arm-none-eabi/9.3.1/../../../../arm-none-eabi/lib/thumb/v7e-m+fp/hard\libc_nano.a(lib_a-mlock.o)
                0x00000000080093d8                __malloc_unlock
 .text._malloc_usable_size_r
                0x00000000080093e4       0x10 c:/st/stm32cubeide_1.7.0/stm32cubeide/plugins/com.st.stm32cube.ide.mcu.externaltools.gnu-tools-for-stm32.9-2020-q2-update.win32_2.0.0.202105311346/tools/bin/../lib/gcc/arm-none-eabi/9.3.1/../../../../arm-none-eabi/lib/thumb/v7e-m+fp/hard\libc_nano.a(lib_a-nano-msizer.o)
                0x00000000080093e4                _malloc_usable_size_r
 .text.__retarget_lock_acquire_recursive
                0x00000000080093f4        0x2 c:/st/stm32cubeide_1.7.0/stm32cubeide/plugins/com.st.stm32cube.ide.mcu.externaltools.gnu-tools-for-stm32.9-2020-q2-update.win32_2.0.0.202105311346/tools/bin/../lib/gcc/arm-none-eabi/9.3.1/../../../../arm-none-eabi/lib/thumb/v7e-m+fp/hard\libc_nano.a(lib_a-lock.o)
                0x00000000080093f4                __retarget_lock_acquire_recursive
 .text.__retarget_lock_release_recursive
                0x00000000080093f6        0x2 c:/st/stm32cubeide_1.7.0/stm32cubeide/plugins/com.st.stm32cube.ide.mcu.externaltools.gnu-tools-for-stm32.9-2020-q2-update.win32_2.0.0.202105311346/tools/bin/../lib/gcc/arm-none-eabi/9.3.1/../../../../arm-none-eabi/lib/thumb/v7e-m+fp/hard\libc_nano.a(lib_a-lock.o)
                0x00000000080093f6                __retarget_lock_release_recursive
 *(.glue_7)
 .glue_7        0x00000000080093f8        0x0 linker stubs
 *(.glue_7t)
 .glue_7t       0x00000000080093f8        0x0 linker stubs
 *(.eh_frame)
 .eh_frame      0x00000000080093f8        0x0 c:/st/stm32cubeide_1.7.0/stm32cubeide/plugins/com.st.stm32cube.ide.mcu.externaltools.gnu-tools-for-stm32.9-2020-q2-update.win32_2.0.0.202105311346/tools/bin/../lib/gcc/arm-none-eabi/9.3.1/thumb/v7e-m+fp/hard/crtbegin.o
 *(.init)
 .init          0x00000000080093f8        0x4 c:/st/stm32cubeide_1.7.0/stm32cubeide/plugins/com.st.stm32cube.ide.mcu.externaltools.gnu-tools-for-stm32.9-2020-q2-update.win32_2.0.0.202105311346/tools/bin/../lib/gcc/arm-none-eabi/9.3.1/thumb/v7e-m+fp/hard/crti.o
                0x00000000080093f8                _init
 .init          0x00000000080093fc        0x8 c:/st/stm32cubeide_1.7.0/stm32cubeide/plugins/com.st.stm32cube.ide.mcu.externaltools.gnu-tools-for-stm32.9-2020-q2-update.win32_2.0.0.202105311346/tools/bin/../lib/gcc/arm-none-eabi/9.3.1/thumb/v7e-m+fp/hard/crtn.o
 *(.fini)
 .fini          0x0000000008009404        0x4 c:/st/stm32cubeide_1.7.0/stm32cubeide/plugins/com.st.stm32cube.ide.mcu.externaltools.gnu-tools-for-stm32.9-2020-q2-update.win32_2.0.0.202105311346/tools/bin/../lib/gcc/arm-none-eabi/9.3.1/thumb/v7e-m+fp/hard/crti.o
                0x0000000008009404                _fini
 .fini          0x0000000008009408        0x8 c:/st/stm32cubeide_1.7.0/stm32cubeide/plugins/com.st.stm32cube.ide.mcu.externaltools.gnu-tools-for-stm32.9-2020-q2-update.win32_2.0.0.202105311346/tools/bin/../lib/gcc/arm-none-eabi/9.3.1/thumb/v7e-m+fp/hard/crtn.o
                0x0000000008009410                . = ALIGN (0x4)
                0x0000000008009410                _etext = .

.vfp11_veneer   0x0000000008009410        0x0
 .vfp11_veneer  0x0000000008009410        0x0 linker stubs

.v4_bx          0x0000000008009410        0x0
 .v4_bx         0x0000000008009410        0x0 linker stubs

.iplt           0x0000000008009410        0x0
 .iplt          0x0000000008009410        0x0 c:/st/stm32cubeide_1.7.0/stm32cubeide/plugins/com.st.stm32cube.ide.mcu.externaltools.gnu-tools-for-stm32.9-2020-q2-update.win32_2.0.0.202105311346/tools/bin/../lib/gcc/arm-none-eabi/9.3.1/thumb/v7e-m+fp/hard/crtbegin.o

.rodata         0x0000000008009410       0x9c
                0x0000000008009410                . = ALIGN (0x4)
 *(.rodata)
 .rodata        0x0000000008009410       0x4f ./Core/Src/main.o
 *(.rodata*)
 *fill*         0x000000000800945f        0x1 
 .rodata.AHBPrescTable
                0x0000000008009460       0x10 ./Core/Src/system_stm32f4xx.o
                0x0000000008009460                AHBPrescTable
 .rodata.APBPrescTable
                0x0000000008009470        0x8 ./Core/Src/system_stm32f4xx.o
                0x0000000008009470                APBPrescTable
 .rodata._svfprintf_r.str1.1
                0x0000000008009478       0x11 c:/st/stm32cubeide_1.7.0/stm32cubeide/plugins/com.st.stm32cube.ide.mcu.externaltools.gnu-tools-for-stm32.9-2020-q2-update.win32_2.0.0.202105311346/tools/bin/../lib/gcc/arm-none-eabi/9.3.1/../../../../arm-none-eabi/lib/thumb/v7e-m+fp/hard\libc_nano.a(lib_a-nano-svfprintf.o)
 .rodata._printf_i.str1.1
                0x0000000008009489       0x22 c:/st/stm32cubeide_1.7.0/stm32cubeide/plugins/com.st.stm32cube.ide.mcu.externaltools.gnu-tools-for-stm32.9-2020-q2-update.win32_2.0.0.202105311346/tools/bin/../lib/gcc/arm-none-eabi/9.3.1/../../../../arm-none-eabi/lib/thumb/v7e-m+fp/hard\libc_nano.a(lib_a-nano-vfprintf_i.o)
                0x00000000080094ac                . = ALIGN (0x4)
 *fill*         0x00000000080094ab        0x1 

.ARM.extab      0x00000000080094ac        0x0
                0x00000000080094ac                . = ALIGN (0x4)
 *(.ARM.extab* .gnu.linkonce.armextab.*)
                0x00000000080094ac                . = ALIGN (0x4)

.ARM            0x00000000080094ac        0x8
                0x00000000080094ac                . = ALIGN (0x4)
                0x00000000080094ac                __exidx_start = .
 *(.ARM.exidx*)
 .ARM.exidx     0x00000000080094ac        0x8 c:/st/stm32cubeide_1.7.0/stm32cubeide/plugins/com.st.stm32cube.ide.mcu.externaltools.gnu-tools-for-stm32.9-2020-q2-update.win32_2.0.0.202105311346/tools/bin/../lib/gcc/arm-none-eabi/9.3.1/thumb/v7e-m+fp/hard\libgcc.a(_udivmoddi4.o)
                0x00000000080094b4                __exidx_end = .
                0x00000000080094b4                . = ALIGN (0x4)

.rel.dyn        0x00000000080094b4        0x0
 .rel.iplt      0x00000000080094b4        0x0 c:/st/stm32cubeide_1.7.0/stm32cubeide/plugins/com.st.stm32cube.ide.mcu.externaltools.gnu-tools-for-stm32.9-2020-q2-update.win32_2.0.0.202105311346/tools/bin/../lib/gcc/arm-none-eabi/9.3.1/thumb/v7e-m+fp/hard/crtbegin.o

.preinit_array  0x00000000080094b4        0x0
                0x00000000080094b4                . = ALIGN (0x4)
                0x00000000080094b4                PROVIDE (__preinit_array_start = .)
 *(.preinit_array*)
                0x00000000080094b4                PROVIDE (__preinit_array_end = .)
                0x00000000080094b4                . = ALIGN (0x4)

.init_array     0x00000000080094b4        0x4
                0x00000000080094b4                . = ALIGN (0x4)
                0x00000000080094b4                PROVIDE (__init_array_start = .)
 *(SORT_BY_NAME(.init_array.*))
 *(.init_array*)
 .init_array    0x00000000080094b4        0x4 c:/st/stm32cubeide_1.7.0/stm32cubeide/plugins/com.st.stm32cube.ide.mcu.externaltools.gnu-tools-for-stm32.9-2020-q2-update.win32_2.0.0.202105311346/tools/bin/../lib/gcc/arm-none-eabi/9.3.1/thumb/v7e-m+fp/hard/crtbegin.o
                0x00000000080094b8                PROVIDE (__init_array_end = .)
                0x00000000080094b8                . = ALIGN (0x4)

.fini_array     0x00000000080094b8        0x4
                0x00000000080094b8                . = ALIGN (0x4)
                [!provide]                        PROVIDE (__fini_array_start = .)
 *(SORT_BY_NAME(.fini_array.*))
 *(.fini_array*)
 .fini_array    0x00000000080094b8        0x4 c:/st/stm32cubeide_1.7.0/stm32cubeide/plugins/com.st.stm32cube.ide.mcu.externaltools.gnu-tools-for-stm32.9-2020-q2-update.win32_2.0.0.202105311346/tools/bin/../lib/gcc/arm-none-eabi/9.3.1/thumb/v7e-m+fp/hard/crtbegin.o
                [!provide]                        PROVIDE (__fini_array_end = .)
                0x00000000080094bc                . = ALIGN (0x4)
                0x00000000080094bc                _sidata = LOADADDR (.data)

.data           0x0000000020000000       0xe4 load address 0x00000000080094bc
                0x0000000020000000                . = ALIGN (0x4)
                0x0000000020000000                _sdata = .
 *(.data)
 *(.data*)
 .data.L3gd20Drv
                0x0000000020000000       0x34 ./Core/Components/l3gd20/l3gd20.o
                0x0000000020000000                L3gd20Drv
 .data.Lsm303dlhcDrv
                0x0000000020000034       0x34 ./Core/Components/lsm303dlhc/lsm303dlhc.o
                0x0000000020000034                Lsm303dlhcDrv
 .data.limit_range_cm
                0x0000000020000068        0x2 ./Core/Src/main.o
                0x0000000020000068                limit_range_cm
 *fill*         0x000000002000006a        0x2 
 .data.I2cxTimeout
                0x000000002000006c        0x4 ./Core/Src/stm32f401_discovery.o
                0x000000002000006c                I2cxTimeout
 .data.SpixTimeout
                0x0000000020000070        0x4 ./Core/Src/stm32f401_discovery.o
                0x0000000020000070                SpixTimeout
 .data.SystemCoreClock
                0x0000000020000074        0x4 ./Core/Src/system_stm32f4xx.o
                0x0000000020000074                SystemCoreClock
 .data.uwTickPrio
                0x0000000020000078        0x4 ./Drivers/STM32F4xx_HAL_Driver/Src/stm32f4xx_hal.o
                0x0000000020000078                uwTickPrio
 .data.uwTickFreq
                0x000000002000007c        0x1 ./Drivers/STM32F4xx_HAL_Driver/Src/stm32f4xx_hal.o
                0x000000002000007c                uwTickFreq
 *fill*         0x000000002000007d        0x3 
 .data._impure_ptr
                0x0000000020000080        0x4 c:/st/stm32cubeide_1.7.0/stm32cubeide/plugins/com.st.stm32cube.ide.mcu.externaltools.gnu-tools-for-stm32.9-2020-q2-update.win32_2.0.0.202105311346/tools/bin/../lib/gcc/arm-none-eabi/9.3.1/../../../../arm-none-eabi/lib/thumb/v7e-m+fp/hard\libc_nano.a(lib_a-impure.o)
                0x0000000020000080                _impure_ptr
 .data.impure_data
                0x0000000020000084       0x60 c:/st/stm32cubeide_1.7.0/stm32cubeide/plugins/com.st.stm32cube.ide.mcu.externaltools.gnu-tools-for-stm32.9-2020-q2-update.win32_2.0.0.202105311346/tools/bin/../lib/gcc/arm-none-eabi/9.3.1/../../../../arm-none-eabi/lib/thumb/v7e-m+fp/hard\libc_nano.a(lib_a-impure.o)
 *(.RamFunc)
 *(.RamFunc*)
                0x00000000200000e4                . = ALIGN (0x4)
                0x00000000200000e4                _edata = .

.igot.plt       0x00000000200000e4        0x0 load address 0x00000000080095a0
 .igot.plt      0x00000000200000e4        0x0 c:/st/stm32cubeide_1.7.0/stm32cubeide/plugins/com.st.stm32cube.ide.mcu.externaltools.gnu-tools-for-stm32.9-2020-q2-update.win32_2.0.0.202105311346/tools/bin/../lib/gcc/arm-none-eabi/9.3.1/thumb/v7e-m+fp/hard/crtbegin.o
                0x00000000200000e4                . = ALIGN (0x4)

.bss            0x00000000200000e4      0x3f8 load address 0x00000000080095a0
                0x00000000200000e4                _sbss = .
                0x00000000200000e4                __bss_start__ = _sbss
 *(.bss)
 .bss           0x00000000200000e4       0x1c c:/st/stm32cubeide_1.7.0/stm32cubeide/plugins/com.st.stm32cube.ide.mcu.externaltools.gnu-tools-for-stm32.9-2020-q2-update.win32_2.0.0.202105311346/tools/bin/../lib/gcc/arm-none-eabi/9.3.1/thumb/v7e-m+fp/hard/crtbegin.o
 *(.bss*)
 .bss.lcd16x2_i2cHandle
                0x0000000020000100        0x4 ./Core/Src/lcd16x2_i2c.o
 .bss.LCD_I2C_SLAVE_ADDRESS
                0x0000000020000104        0x1 ./Core/Src/lcd16x2_i2c.o
 *fill*         0x0000000020000105        0x3 
 .bss.pwmVal    0x0000000020000108        0x4 ./Core/Src/main.o
                0x0000000020000108                pwmVal
 .bss.count_tim2
                0x000000002000010c        0x4 ./Core/Src/main.o
                0x000000002000010c                count_tim2
 .bss.Speed_L   0x0000000020000110        0x4 ./Core/Src/main.o
                0x0000000020000110                Speed_L
 .bss.Speed_R   0x0000000020000114        0x4 ./Core/Src/main.o
                0x0000000020000114                Speed_R
 .bss.adc_value
                0x0000000020000118        0x2 ./Core/Src/main.o
                0x0000000020000118                adc_value
 *fill*         0x000000002000011a        0x2 
 .bss.I2cHandle
                0x000000002000011c       0x54 ./Core/Src/stm32f401_discovery.o
 .bss.SpiHandle
                0x0000000020000170       0x58 ./Core/Src/stm32f401_discovery.o
 .bss.AccelerometerDrv
                0x00000000200001c8        0x4 ./Core/Src/stm32f401_discovery_accelerometer.o
 .bss.GyroscopeDrv
                0x00000000200001cc        0x4 ./Core/Src/stm32f401_discovery_gyroscope.o
 .bss.__sbrk_heap_end
                0x00000000200001d0        0x4 ./Core/Src/sysmem.o
 .bss.__malloc_free_list
                0x00000000200001d4        0x4 c:/st/stm32cubeide_1.7.0/stm32cubeide/plugins/com.st.stm32cube.ide.mcu.externaltools.gnu-tools-for-stm32.9-2020-q2-update.win32_2.0.0.202105311346/tools/bin/../lib/gcc/arm-none-eabi/9.3.1/../../../../arm-none-eabi/lib/thumb/v7e-m+fp/hard\libc_nano.a(lib_a-nano-mallocr.o)
                0x00000000200001d4                __malloc_free_list
 .bss.__malloc_sbrk_start
                0x00000000200001d8        0x4 c:/st/stm32cubeide_1.7.0/stm32cubeide/plugins/com.st.stm32cube.ide.mcu.externaltools.gnu-tools-for-stm32.9-2020-q2-update.win32_2.0.0.202105311346/tools/bin/../lib/gcc/arm-none-eabi/9.3.1/../../../../arm-none-eabi/lib/thumb/v7e-m+fp/hard\libc_nano.a(lib_a-nano-mallocr.o)
                0x00000000200001d8                __malloc_sbrk_start
 *(COMMON)
 COMMON         0x00000000200001dc      0x2ec ./Core/Src/main.o
                0x00000000200001dc                pDataXYZ
                0x00000000200001e4                hi2c3
                0x0000000020000238                htim4
                0x0000000020000280                hi2c1
                0x00000000200002d4                uRx_byte
                0x00000000200002d8                distance
                0x00000000200002dc                htim3
                0x0000000020000324                uTx_data
                0x000000002000034c                hadc1
                0x0000000020000394                huart6
                0x00000000200003d8                hspi1
                0x0000000020000430                htim2
                0x0000000020000478                huart2
                0x00000000200004bc                pfData
 COMMON         0x00000000200004c8        0x4 ./Drivers/STM32F4xx_HAL_Driver/Src/stm32f4xx_hal.o
                0x00000000200004c8                uwTick
 COMMON         0x00000000200004cc        0x4 c:/st/stm32cubeide_1.7.0/stm32cubeide/plugins/com.st.stm32cube.ide.mcu.externaltools.gnu-tools-for-stm32.9-2020-q2-update.win32_2.0.0.202105311346/tools/bin/../lib/gcc/arm-none-eabi/9.3.1/../../../../arm-none-eabi/lib/thumb/v7e-m+fp/hard\libc_nano.a(lib_a-reent.o)
                0x00000000200004cc                errno
 COMMON         0x00000000200004d0        0x9 c:/st/stm32cubeide_1.7.0/stm32cubeide/plugins/com.st.stm32cube.ide.mcu.externaltools.gnu-tools-for-stm32.9-2020-q2-update.win32_2.0.0.202105311346/tools/bin/../lib/gcc/arm-none-eabi/9.3.1/../../../../arm-none-eabi/lib/thumb/v7e-m+fp/hard\libc_nano.a(lib_a-lock.o)
                0x00000000200004d0                __lock___atexit_recursive_mutex
                0x00000000200004d1                __lock___arc4random_mutex
                0x00000000200004d2                __lock___env_recursive_mutex
                0x00000000200004d3                __lock___sinit_recursive_mutex
                0x00000000200004d4                __lock___malloc_recursive_mutex
                0x00000000200004d5                __lock___at_quick_exit_mutex
                0x00000000200004d6                __lock___dd_hash_mutex
                0x00000000200004d7                __lock___tz_mutex
                0x00000000200004d8                __lock___sfp_recursive_mutex
                0x00000000200004dc                . = ALIGN (0x4)
 *fill*         0x00000000200004d9        0x3 
                0x00000000200004dc                _ebss = .
                0x00000000200004dc                __bss_end__ = _ebss

._user_heap_stack
                0x00000000200004dc      0x604 load address 0x00000000080095a0
                0x00000000200004e0                . = ALIGN (0x8)
 *fill*         0x00000000200004dc        0x4 
                [!provide]                        PROVIDE (end = .)
                0x00000000200004e0                PROVIDE (_end = .)
                0x00000000200006e0                . = (. + _Min_Heap_Size)
 *fill*         0x00000000200004e0      0x200 
                0x0000000020000ae0                . = (. + _Min_Stack_Size)
 *fill*         0x00000000200006e0      0x400 
                0x0000000020000ae0                . = ALIGN (0x8)

/DISCARD/
 libc.a(*)
 libm.a(*)
 libgcc.a(*)

.ARM.attributes
                0x0000000000000000       0x30
 *(.ARM.attributes)
 .ARM.attributes
                0x0000000000000000       0x1e c:/st/stm32cubeide_1.7.0/stm32cubeide/plugins/com.st.stm32cube.ide.mcu.externaltools.gnu-tools-for-stm32.9-2020-q2-update.win32_2.0.0.202105311346/tools/bin/../lib/gcc/arm-none-eabi/9.3.1/thumb/v7e-m+fp/hard/crti.o
 .ARM.attributes
                0x000000000000001e       0x34 c:/st/stm32cubeide_1.7.0/stm32cubeide/plugins/com.st.stm32cube.ide.mcu.externaltools.gnu-tools-for-stm32.9-2020-q2-update.win32_2.0.0.202105311346/tools/bin/../lib/gcc/arm-none-eabi/9.3.1/thumb/v7e-m+fp/hard/crtbegin.o
 .ARM.attributes
                0x0000000000000052       0x34 ./Core/Components/l3gd20/l3gd20.o
 .ARM.attributes
                0x0000000000000086       0x34 ./Core/Components/lsm303dlhc/lsm303dlhc.o
 .ARM.attributes
                0x00000000000000ba       0x34 ./Core/Src/lcd16x2_i2c.o
 .ARM.attributes
                0x00000000000000ee       0x34 ./Core/Src/main.o
 .ARM.attributes
                0x0000000000000122       0x34 ./Core/Src/stm32f401_discovery.o
 .ARM.attributes
                0x0000000000000156       0x34 ./Core/Src/stm32f401_discovery_accelerometer.o
 .ARM.attributes
                0x000000000000018a       0x34 ./Core/Src/stm32f401_discovery_gyroscope.o
 .ARM.attributes
                0x00000000000001be       0x34 ./Core/Src/stm32f4xx_hal_msp.o
 .ARM.attributes
                0x00000000000001f2       0x34 ./Core/Src/stm32f4xx_it.o
 .ARM.attributes
                0x0000000000000226       0x34 ./Core/Src/sysmem.o
 .ARM.attributes
                0x000000000000025a       0x34 ./Core/Src/system_stm32f4xx.o
 .ARM.attributes
                0x000000000000028e       0x21 ./Core/Startup/startup_stm32f401vctx.o
 .ARM.attributes
                0x00000000000002af       0x34 ./Drivers/STM32F4xx_HAL_Driver/Src/stm32f4xx_hal.o
 .ARM.attributes
                0x00000000000002e3       0x34 ./Drivers/STM32F4xx_HAL_Driver/Src/stm32f4xx_hal_adc.o
 .ARM.attributes
                0x0000000000000317       0x34 ./Drivers/STM32F4xx_HAL_Driver/Src/stm32f4xx_hal_cortex.o
 .ARM.attributes
                0x000000000000034b       0x34 ./Drivers/STM32F4xx_HAL_Driver/Src/stm32f4xx_hal_dma.o
 .ARM.attributes
                0x000000000000037f       0x34 ./Drivers/STM32F4xx_HAL_Driver/Src/stm32f4xx_hal_gpio.o
 .ARM.attributes
                0x00000000000003b3       0x34 ./Drivers/STM32F4xx_HAL_Driver/Src/stm32f4xx_hal_i2c.o
 .ARM.attributes
                0x00000000000003e7       0x34 ./Drivers/STM32F4xx_HAL_Driver/Src/stm32f4xx_hal_rcc.o
 .ARM.attributes
                0x000000000000041b       0x34 ./Drivers/STM32F4xx_HAL_Driver/Src/stm32f4xx_hal_spi.o
 .ARM.attributes
                0x000000000000044f       0x34 ./Drivers/STM32F4xx_HAL_Driver/Src/stm32f4xx_hal_tim.o
 .ARM.attributes
                0x0000000000000483       0x34 ./Drivers/STM32F4xx_HAL_Driver/Src/stm32f4xx_hal_tim_ex.o
 .ARM.attributes
                0x00000000000004b7       0x34 ./Drivers/STM32F4xx_HAL_Driver/Src/stm32f4xx_hal_uart.o
 .ARM.attributes
                0x00000000000004eb       0x34 c:/st/stm32cubeide_1.7.0/stm32cubeide/plugins/com.st.stm32cube.ide.mcu.externaltools.gnu-tools-for-stm32.9-2020-q2-update.win32_2.0.0.202105311346/tools/bin/../lib/gcc/arm-none-eabi/9.3.1/../../../../arm-none-eabi/lib/thumb/v7e-m+fp/hard\libc_nano.a(lib_a-errno.o)
 .ARM.attributes
                0x000000000000051f       0x32 c:/st/stm32cubeide_1.7.0/stm32cubeide/plugins/com.st.stm32cube.ide.mcu.externaltools.gnu-tools-for-stm32.9-2020-q2-update.win32_2.0.0.202105311346/tools/bin/../lib/gcc/arm-none-eabi/9.3.1/../../../../arm-none-eabi/lib/thumb/v7e-m+fp/hard\libc_nano.a(lib_a-impure.o)
 .ARM.attributes
                0x0000000000000551       0x34 c:/st/stm32cubeide_1.7.0/stm32cubeide/plugins/com.st.stm32cube.ide.mcu.externaltools.gnu-tools-for-stm32.9-2020-q2-update.win32_2.0.0.202105311346/tools/bin/../lib/gcc/arm-none-eabi/9.3.1/../../../../arm-none-eabi/lib/thumb/v7e-m+fp/hard\libc_nano.a(lib_a-init.o)
 .ARM.attributes
                0x0000000000000585       0x34 c:/st/stm32cubeide_1.7.0/stm32cubeide/plugins/com.st.stm32cube.ide.mcu.externaltools.gnu-tools-for-stm32.9-2020-q2-update.win32_2.0.0.202105311346/tools/bin/../lib/gcc/arm-none-eabi/9.3.1/../../../../arm-none-eabi/lib/thumb/v7e-m+fp/hard\libc_nano.a(lib_a-memset.o)
 .ARM.attributes
                0x00000000000005b9       0x34 c:/st/stm32cubeide_1.7.0/stm32cubeide/plugins/com.st.stm32cube.ide.mcu.externaltools.gnu-tools-for-stm32.9-2020-q2-update.win32_2.0.0.202105311346/tools/bin/../lib/gcc/arm-none-eabi/9.3.1/../../../../arm-none-eabi/lib/thumb/v7e-m+fp/hard\libc_nano.a(lib_a-sprintf.o)
 .ARM.attributes
                0x00000000000005ed       0x17 c:/st/stm32cubeide_1.7.0/stm32cubeide/plugins/com.st.stm32cube.ide.mcu.externaltools.gnu-tools-for-stm32.9-2020-q2-update.win32_2.0.0.202105311346/tools/bin/../lib/gcc/arm-none-eabi/9.3.1/../../../../arm-none-eabi/lib/thumb/v7e-m+fp/hard\libc_nano.a(lib_a-strlen.o)
 .ARM.attributes
                0x0000000000000604       0x34 c:/st/stm32cubeide_1.7.0/stm32cubeide/plugins/com.st.stm32cube.ide.mcu.externaltools.gnu-tools-for-stm32.9-2020-q2-update.win32_2.0.0.202105311346/tools/bin/../lib/gcc/arm-none-eabi/9.3.1/../../../../arm-none-eabi/lib/thumb/v7e-m+fp/hard\libc_nano.a(lib_a-vsprintf.o)
 .ARM.attributes
                0x0000000000000638       0x34 c:/st/stm32cubeide_1.7.0/stm32cubeide/plugins/com.st.stm32cube.ide.mcu.externaltools.gnu-tools-for-stm32.9-2020-q2-update.win32_2.0.0.202105311346/tools/bin/../lib/gcc/arm-none-eabi/9.3.1/../../../../arm-none-eabi/lib/thumb/v7e-m+fp/hard\libc_nano.a(lib_a-nano-svfprintf.o)
 .ARM.attributes
                0x000000000000066c       0x34 c:/st/stm32cubeide_1.7.0/stm32cubeide/plugins/com.st.stm32cube.ide.mcu.externaltools.gnu-tools-for-stm32.9-2020-q2-update.win32_2.0.0.202105311346/tools/bin/../lib/gcc/arm-none-eabi/9.3.1/../../../../arm-none-eabi/lib/thumb/v7e-m+fp/hard\libc_nano.a(lib_a-nano-vfprintf_i.o)
 .ARM.attributes
                0x00000000000006a0       0x1c c:/st/stm32cubeide_1.7.0/stm32cubeide/plugins/com.st.stm32cube.ide.mcu.externaltools.gnu-tools-for-stm32.9-2020-q2-update.win32_2.0.0.202105311346/tools/bin/../lib/gcc/arm-none-eabi/9.3.1/../../../../arm-none-eabi/lib/thumb/v7e-m+fp/hard\libc_nano.a(lib_a-memchr.o)
 .ARM.attributes
                0x00000000000006bc       0x34 c:/st/stm32cubeide_1.7.0/stm32cubeide/plugins/com.st.stm32cube.ide.mcu.externaltools.gnu-tools-for-stm32.9-2020-q2-update.win32_2.0.0.202105311346/tools/bin/../lib/gcc/arm-none-eabi/9.3.1/../../../../arm-none-eabi/lib/thumb/v7e-m+fp/hard\libc_nano.a(lib_a-memcpy-stub.o)
 .ARM.attributes
                0x00000000000006f0       0x34 c:/st/stm32cubeide_1.7.0/stm32cubeide/plugins/com.st.stm32cube.ide.mcu.externaltools.gnu-tools-for-stm32.9-2020-q2-update.win32_2.0.0.202105311346/tools/bin/../lib/gcc/arm-none-eabi/9.3.1/../../../../arm-none-eabi/lib/thumb/v7e-m+fp/hard\libc_nano.a(lib_a-memmove.o)
 .ARM.attributes
                0x0000000000000724       0x34 c:/st/stm32cubeide_1.7.0/stm32cubeide/plugins/com.st.stm32cube.ide.mcu.externaltools.gnu-tools-for-stm32.9-2020-q2-update.win32_2.0.0.202105311346/tools/bin/../lib/gcc/arm-none-eabi/9.3.1/../../../../arm-none-eabi/lib/thumb/v7e-m+fp/hard\libc_nano.a(lib_a-nano-freer.o)
 .ARM.attributes
                0x0000000000000758       0x34 c:/st/stm32cubeide_1.7.0/stm32cubeide/plugins/com.st.stm32cube.ide.mcu.externaltools.gnu-tools-for-stm32.9-2020-q2-update.win32_2.0.0.202105311346/tools/bin/../lib/gcc/arm-none-eabi/9.3.1/../../../../arm-none-eabi/lib/thumb/v7e-m+fp/hard\libc_nano.a(lib_a-nano-mallocr.o)
 .ARM.attributes
                0x000000000000078c       0x34 c:/st/stm32cubeide_1.7.0/stm32cubeide/plugins/com.st.stm32cube.ide.mcu.externaltools.gnu-tools-for-stm32.9-2020-q2-update.win32_2.0.0.202105311346/tools/bin/../lib/gcc/arm-none-eabi/9.3.1/../../../../arm-none-eabi/lib/thumb/v7e-m+fp/hard\libc_nano.a(lib_a-nano-reallocr.o)
 .ARM.attributes
                0x00000000000007c0       0x34 c:/st/stm32cubeide_1.7.0/stm32cubeide/plugins/com.st.stm32cube.ide.mcu.externaltools.gnu-tools-for-stm32.9-2020-q2-update.win32_2.0.0.202105311346/tools/bin/../lib/gcc/arm-none-eabi/9.3.1/../../../../arm-none-eabi/lib/thumb/v7e-m+fp/hard\libc_nano.a(lib_a-sbrkr.o)
 .ARM.attributes
                0x00000000000007f4       0x34 c:/st/stm32cubeide_1.7.0/stm32cubeide/plugins/com.st.stm32cube.ide.mcu.externaltools.gnu-tools-for-stm32.9-2020-q2-update.win32_2.0.0.202105311346/tools/bin/../lib/gcc/arm-none-eabi/9.3.1/../../../../arm-none-eabi/lib/thumb/v7e-m+fp/hard\libc_nano.a(lib_a-mlock.o)
 .ARM.attributes
                0x0000000000000828       0x34 c:/st/stm32cubeide_1.7.0/stm32cubeide/plugins/com.st.stm32cube.ide.mcu.externaltools.gnu-tools-for-stm32.9-2020-q2-update.win32_2.0.0.202105311346/tools/bin/../lib/gcc/arm-none-eabi/9.3.1/../../../../arm-none-eabi/lib/thumb/v7e-m+fp/hard\libc_nano.a(lib_a-nano-msizer.o)
 .ARM.attributes
                0x000000000000085c       0x34 c:/st/stm32cubeide_1.7.0/stm32cubeide/plugins/com.st.stm32cube.ide.mcu.externaltools.gnu-tools-for-stm32.9-2020-q2-update.win32_2.0.0.202105311346/tools/bin/../lib/gcc/arm-none-eabi/9.3.1/../../../../arm-none-eabi/lib/thumb/v7e-m+fp/hard\libc_nano.a(lib_a-reent.o)
 .ARM.attributes
                0x0000000000000890       0x34 c:/st/stm32cubeide_1.7.0/stm32cubeide/plugins/com.st.stm32cube.ide.mcu.externaltools.gnu-tools-for-stm32.9-2020-q2-update.win32_2.0.0.202105311346/tools/bin/../lib/gcc/arm-none-eabi/9.3.1/../../../../arm-none-eabi/lib/thumb/v7e-m+fp/hard\libc_nano.a(lib_a-lock.o)
 .ARM.attributes
                0x00000000000008c4       0x1e c:/st/stm32cubeide_1.7.0/stm32cubeide/plugins/com.st.stm32cube.ide.mcu.externaltools.gnu-tools-for-stm32.9-2020-q2-update.win32_2.0.0.202105311346/tools/bin/../lib/gcc/arm-none-eabi/9.3.1/thumb/v7e-m+fp/hard\libgcc.a(_arm_addsubdf3.o)
 .ARM.attributes
                0x00000000000008e2       0x1e c:/st/stm32cubeide_1.7.0/stm32cubeide/plugins/com.st.stm32cube.ide.mcu.externaltools.gnu-tools-for-stm32.9-2020-q2-update.win32_2.0.0.202105311346/tools/bin/../lib/gcc/arm-none-eabi/9.3.1/thumb/v7e-m+fp/hard\libgcc.a(_arm_muldivdf3.o)
 .ARM.attributes
                0x0000000000000900       0x1e c:/st/stm32cubeide_1.7.0/stm32cubeide/plugins/com.st.stm32cube.ide.mcu.externaltools.gnu-tools-for-stm32.9-2020-q2-update.win32_2.0.0.202105311346/tools/bin/../lib/gcc/arm-none-eabi/9.3.1/thumb/v7e-m+fp/hard\libgcc.a(_arm_fixdfsi.o)
 .ARM.attributes
                0x000000000000091e       0x1e c:/st/stm32cubeide_1.7.0/stm32cubeide/plugins/com.st.stm32cube.ide.mcu.externaltools.gnu-tools-for-stm32.9-2020-q2-update.win32_2.0.0.202105311346/tools/bin/../lib/gcc/arm-none-eabi/9.3.1/thumb/v7e-m+fp/hard\libgcc.a(_arm_truncdfsf2.o)
 .ARM.attributes
                0x000000000000093c       0x1e c:/st/stm32cubeide_1.7.0/stm32cubeide/plugins/com.st.stm32cube.ide.mcu.externaltools.gnu-tools-for-stm32.9-2020-q2-update.win32_2.0.0.202105311346/tools/bin/../lib/gcc/arm-none-eabi/9.3.1/thumb/v7e-m+fp/hard\libgcc.a(_aeabi_uldivmod.o)
 .ARM.attributes
                0x000000000000095a       0x34 c:/st/stm32cubeide_1.7.0/stm32cubeide/plugins/com.st.stm32cube.ide.mcu.externaltools.gnu-tools-for-stm32.9-2020-q2-update.win32_2.0.0.202105311346/tools/bin/../lib/gcc/arm-none-eabi/9.3.1/thumb/v7e-m+fp/hard\libgcc.a(_udivmoddi4.o)
 .ARM.attributes
                0x000000000000098e       0x1e c:/st/stm32cubeide_1.7.0/stm32cubeide/plugins/com.st.stm32cube.ide.mcu.externaltools.gnu-tools-for-stm32.9-2020-q2-update.win32_2.0.0.202105311346/tools/bin/../lib/gcc/arm-none-eabi/9.3.1/thumb/v7e-m+fp/hard\libgcc.a(_dvmd_tls.o)
 .ARM.attributes
                0x00000000000009ac       0x1e c:/st/stm32cubeide_1.7.0/stm32cubeide/plugins/com.st.stm32cube.ide.mcu.externaltools.gnu-tools-for-stm32.9-2020-q2-update.win32_2.0.0.202105311346/tools/bin/../lib/gcc/arm-none-eabi/9.3.1/thumb/v7e-m+fp/hard/crtn.o
OUTPUT(final_f401.elf elf32-littlearm)
LOAD linker stubs
LOAD c:/st/stm32cubeide_1.7.0/stm32cubeide/plugins/com.st.stm32cube.ide.mcu.externaltools.gnu-tools-for-stm32.9-2020-q2-update.win32_2.0.0.202105311346/tools/bin/../lib/gcc/arm-none-eabi/9.3.1/../../../../arm-none-eabi/lib/thumb/v7e-m+fp/hard\libc.a
LOAD c:/st/stm32cubeide_1.7.0/stm32cubeide/plugins/com.st.stm32cube.ide.mcu.externaltools.gnu-tools-for-stm32.9-2020-q2-update.win32_2.0.0.202105311346/tools/bin/../lib/gcc/arm-none-eabi/9.3.1/../../../../arm-none-eabi/lib/thumb/v7e-m+fp/hard\libm.a
LOAD c:/st/stm32cubeide_1.7.0/stm32cubeide/plugins/com.st.stm32cube.ide.mcu.externaltools.gnu-tools-for-stm32.9-2020-q2-update.win32_2.0.0.202105311346/tools/bin/../lib/gcc/arm-none-eabi/9.3.1/thumb/v7e-m+fp/hard\libgcc.a

.debug_info     0x0000000000000000    0x18eca
 .debug_info    0x0000000000000000      0x4bf ./Core/Components/l3gd20/l3gd20.o
 .debug_info    0x00000000000004bf      0x661 ./Core/Components/lsm303dlhc/lsm303dlhc.o
 .debug_info    0x0000000000000b20     0x129f ./Core/Src/lcd16x2_i2c.o
 .debug_info    0x0000000000001dbf     0x290f ./Core/Src/main.o
 .debug_info    0x00000000000046ce     0x1667 ./Core/Src/stm32f401_discovery.o
 .debug_info    0x0000000000005d35      0x4a3 ./Core/Src/stm32f401_discovery_accelerometer.o
 .debug_info    0x00000000000061d8      0x538 ./Core/Src/stm32f401_discovery_gyroscope.o
 .debug_info    0x0000000000006710     0x1a12 ./Core/Src/stm32f4xx_hal_msp.o
 .debug_info    0x0000000000008122      0xac2 ./Core/Src/stm32f4xx_it.o
 .debug_info    0x0000000000008be4      0xa25 ./Core/Src/sysmem.o
 .debug_info    0x0000000000009609      0x5d0 ./Core/Src/system_stm32f4xx.o
 .debug_info    0x0000000000009bd9       0x22 ./Core/Startup/startup_stm32f401vctx.o
 .debug_info    0x0000000000009bfb      0x93d ./Drivers/STM32F4xx_HAL_Driver/Src/stm32f4xx_hal.o
 .debug_info    0x000000000000a538      0xdb4 ./Drivers/STM32F4xx_HAL_Driver/Src/stm32f4xx_hal_adc.o
 .debug_info    0x000000000000b2ec      0xe41 ./Drivers/STM32F4xx_HAL_Driver/Src/stm32f4xx_hal_cortex.o
 .debug_info    0x000000000000c12d      0x9e9 ./Drivers/STM32F4xx_HAL_Driver/Src/stm32f4xx_hal_dma.o
 .debug_info    0x000000000000cb16      0x862 ./Drivers/STM32F4xx_HAL_Driver/Src/stm32f4xx_hal_gpio.o
 .debug_info    0x000000000000d378     0x2653 ./Drivers/STM32F4xx_HAL_Driver/Src/stm32f4xx_hal_i2c.o
 .debug_info    0x000000000000f9cb      0x9bd ./Drivers/STM32F4xx_HAL_Driver/Src/stm32f4xx_hal_rcc.o
 .debug_info    0x0000000000010388     0x17b8 ./Drivers/STM32F4xx_HAL_Driver/Src/stm32f4xx_hal_spi.o
 .debug_info    0x0000000000011b40     0x2c1a ./Drivers/STM32F4xx_HAL_Driver/Src/stm32f4xx_hal_tim.o
 .debug_info    0x000000000001475a     0x159a ./Drivers/STM32F4xx_HAL_Driver/Src/stm32f4xx_hal_tim_ex.o
 .debug_info    0x0000000000015cf4     0x31d6 ./Drivers/STM32F4xx_HAL_Driver/Src/stm32f4xx_hal_uart.o

.debug_abbrev   0x0000000000000000     0x3113
 .debug_abbrev  0x0000000000000000      0x1d2 ./Core/Components/l3gd20/l3gd20.o
 .debug_abbrev  0x00000000000001d2      0x1bd ./Core/Components/lsm303dlhc/lsm303dlhc.o
 .debug_abbrev  0x000000000000038f      0x2a0 ./Core/Src/lcd16x2_i2c.o
 .debug_abbrev  0x000000000000062f      0x3c0 ./Core/Src/main.o
 .debug_abbrev  0x00000000000009ef      0x2b0 ./Core/Src/stm32f401_discovery.o
 .debug_abbrev  0x0000000000000c9f      0x177 ./Core/Src/stm32f401_discovery_accelerometer.o
 .debug_abbrev  0x0000000000000e16      0x195 ./Core/Src/stm32f401_discovery_gyroscope.o
 .debug_abbrev  0x0000000000000fab      0x206 ./Core/Src/stm32f4xx_hal_msp.o
 .debug_abbrev  0x00000000000011b1      0x1a1 ./Core/Src/stm32f4xx_it.o
 .debug_abbrev  0x0000000000001352      0x1bf ./Core/Src/sysmem.o
 .debug_abbrev  0x0000000000001511      0x145 ./Core/Src/system_stm32f4xx.o
 .debug_abbrev  0x0000000000001656       0x12 ./Core/Startup/startup_stm32f401vctx.o
 .debug_abbrev  0x0000000000001668      0x21e ./Drivers/STM32F4xx_HAL_Driver/Src/stm32f4xx_hal.o
 .debug_abbrev  0x0000000000001886      0x1ef ./Drivers/STM32F4xx_HAL_Driver/Src/stm32f4xx_hal_adc.o
 .debug_abbrev  0x0000000000001a75      0x33c ./Drivers/STM32F4xx_HAL_Driver/Src/stm32f4xx_hal_cortex.o
 .debug_abbrev  0x0000000000001db1      0x219 ./Drivers/STM32F4xx_HAL_Driver/Src/stm32f4xx_hal_dma.o
 .debug_abbrev  0x0000000000001fca      0x1f1 ./Drivers/STM32F4xx_HAL_Driver/Src/stm32f4xx_hal_gpio.o
 .debug_abbrev  0x00000000000021bb      0x293 ./Drivers/STM32F4xx_HAL_Driver/Src/stm32f4xx_hal_i2c.o
 .debug_abbrev  0x000000000000244e      0x275 ./Drivers/STM32F4xx_HAL_Driver/Src/stm32f4xx_hal_rcc.o
 .debug_abbrev  0x00000000000026c3      0x26e ./Drivers/STM32F4xx_HAL_Driver/Src/stm32f4xx_hal_spi.o
 .debug_abbrev  0x0000000000002931      0x26f ./Drivers/STM32F4xx_HAL_Driver/Src/stm32f4xx_hal_tim.o
 .debug_abbrev  0x0000000000002ba0      0x277 ./Drivers/STM32F4xx_HAL_Driver/Src/stm32f4xx_hal_tim_ex.o
 .debug_abbrev  0x0000000000002e17      0x2fc ./Drivers/STM32F4xx_HAL_Driver/Src/stm32f4xx_hal_uart.o

.debug_aranges  0x0000000000000000     0x1580
 .debug_aranges
                0x0000000000000000       0x78 ./Core/Components/l3gd20/l3gd20.o
 .debug_aranges
                0x0000000000000078       0xb0 ./Core/Components/lsm303dlhc/lsm303dlhc.o
 .debug_aranges
                0x0000000000000128       0x88 ./Core/Src/lcd16x2_i2c.o
 .debug_aranges
                0x00000000000001b0       0xe0 ./Core/Src/main.o
 .debug_aranges
                0x0000000000000290       0xf0 ./Core/Src/stm32f401_discovery.o
 .debug_aranges
                0x0000000000000380       0x38 ./Core/Src/stm32f401_discovery_accelerometer.o
 .debug_aranges
                0x00000000000003b8       0x50 ./Core/Src/stm32f401_discovery_gyroscope.o
 .debug_aranges
                0x0000000000000408       0x78 ./Core/Src/stm32f4xx_hal_msp.o
 .debug_aranges
                0x0000000000000480       0x88 ./Core/Src/stm32f4xx_it.o
 .debug_aranges
                0x0000000000000508       0x20 ./Core/Src/sysmem.o
 .debug_aranges
                0x0000000000000528       0x28 ./Core/Src/system_stm32f4xx.o
 .debug_aranges
                0x0000000000000550       0x28 ./Core/Startup/startup_stm32f401vctx.o
 .debug_aranges
                0x0000000000000578       0xf0 ./Drivers/STM32F4xx_HAL_Driver/Src/stm32f4xx_hal.o
 .debug_aranges
                0x0000000000000668       0xe8 ./Drivers/STM32F4xx_HAL_Driver/Src/stm32f4xx_hal_adc.o
 .debug_aranges
                0x0000000000000750      0x118 ./Drivers/STM32F4xx_HAL_Driver/Src/stm32f4xx_hal_cortex.o
 .debug_aranges
                0x0000000000000868       0x90 ./Drivers/STM32F4xx_HAL_Driver/Src/stm32f4xx_hal_dma.o
 .debug_aranges
                0x00000000000008f8       0x58 ./Drivers/STM32F4xx_HAL_Driver/Src/stm32f4xx_hal_gpio.o
 .debug_aranges
                0x0000000000000950      0x2a0 ./Drivers/STM32F4xx_HAL_Driver/Src/stm32f4xx_hal_i2c.o
 .debug_aranges
                0x0000000000000bf0       0x88 ./Drivers/STM32F4xx_HAL_Driver/Src/stm32f4xx_hal_rcc.o
 .debug_aranges
                0x0000000000000c78      0x1d0 ./Drivers/STM32F4xx_HAL_Driver/Src/stm32f4xx_hal_spi.o
 .debug_aranges
                0x0000000000000e48      0x3d0 ./Drivers/STM32F4xx_HAL_Driver/Src/stm32f4xx_hal_tim.o
 .debug_aranges
                0x0000000000001218      0x168 ./Drivers/STM32F4xx_HAL_Driver/Src/stm32f4xx_hal_tim_ex.o
 .debug_aranges
                0x0000000000001380      0x200 ./Drivers/STM32F4xx_HAL_Driver/Src/stm32f4xx_hal_uart.o

.debug_ranges   0x0000000000000000     0x1470
 .debug_ranges  0x0000000000000000       0x68 ./Core/Components/l3gd20/l3gd20.o
 .debug_ranges  0x0000000000000068       0xa0 ./Core/Components/lsm303dlhc/lsm303dlhc.o
 .debug_ranges  0x0000000000000108       0x78 ./Core/Src/lcd16x2_i2c.o
 .debug_ranges  0x0000000000000180       0xd0 ./Core/Src/main.o
 .debug_ranges  0x0000000000000250       0xe0 ./Core/Src/stm32f401_discovery.o
 .debug_ranges  0x0000000000000330       0x28 ./Core/Src/stm32f401_discovery_accelerometer.o
 .debug_ranges  0x0000000000000358       0x40 ./Core/Src/stm32f401_discovery_gyroscope.o
 .debug_ranges  0x0000000000000398       0x68 ./Core/Src/stm32f4xx_hal_msp.o
 .debug_ranges  0x0000000000000400       0x78 ./Core/Src/stm32f4xx_it.o
 .debug_ranges  0x0000000000000478       0x10 ./Core/Src/sysmem.o
 .debug_ranges  0x0000000000000488       0x18 ./Core/Src/system_stm32f4xx.o
 .debug_ranges  0x00000000000004a0       0x20 ./Core/Startup/startup_stm32f401vctx.o
 .debug_ranges  0x00000000000004c0       0xe0 ./Drivers/STM32F4xx_HAL_Driver/Src/stm32f4xx_hal.o
 .debug_ranges  0x00000000000005a0       0xd8 ./Drivers/STM32F4xx_HAL_Driver/Src/stm32f4xx_hal_adc.o
 .debug_ranges  0x0000000000000678      0x108 ./Drivers/STM32F4xx_HAL_Driver/Src/stm32f4xx_hal_cortex.o
 .debug_ranges  0x0000000000000780       0x80 ./Drivers/STM32F4xx_HAL_Driver/Src/stm32f4xx_hal_dma.o
 .debug_ranges  0x0000000000000800       0x48 ./Drivers/STM32F4xx_HAL_Driver/Src/stm32f4xx_hal_gpio.o
 .debug_ranges  0x0000000000000848      0x2b8 ./Drivers/STM32F4xx_HAL_Driver/Src/stm32f4xx_hal_i2c.o
 .debug_ranges  0x0000000000000b00       0x78 ./Drivers/STM32F4xx_HAL_Driver/Src/stm32f4xx_hal_rcc.o
 .debug_ranges  0x0000000000000b78      0x1c0 ./Drivers/STM32F4xx_HAL_Driver/Src/stm32f4xx_hal_spi.o
 .debug_ranges  0x0000000000000d38      0x3c0 ./Drivers/STM32F4xx_HAL_Driver/Src/stm32f4xx_hal_tim.o
 .debug_ranges  0x00000000000010f8      0x158 ./Drivers/STM32F4xx_HAL_Driver/Src/stm32f4xx_hal_tim_ex.o
 .debug_ranges  0x0000000000001250      0x220 ./Drivers/STM32F4xx_HAL_Driver/Src/stm32f4xx_hal_uart.o

.debug_macro    0x0000000000000000    0x187e4
 .debug_macro   0x0000000000000000       0x7c ./Core/Components/l3gd20/l3gd20.o
 .debug_macro   0x000000000000007c      0x211 ./Core/Components/l3gd20/l3gd20.o
 .debug_macro   0x000000000000028d       0x7c ./Core/Components/lsm303dlhc/lsm303dlhc.o
 .debug_macro   0x0000000000000309      0x452 ./Core/Components/lsm303dlhc/lsm303dlhc.o
 .debug_macro   0x000000000000075b      0x3dc ./Core/Src/lcd16x2_i2c.o
 .debug_macro   0x0000000000000b37      0x2ad ./Core/Src/lcd16x2_i2c.o
 .debug_macro   0x0000000000000de4       0x2e ./Core/Src/lcd16x2_i2c.o
 .debug_macro   0x0000000000000e12       0x28 ./Core/Src/lcd16x2_i2c.o
 .debug_macro   0x0000000000000e3a       0x1c ./Core/Src/lcd16x2_i2c.o
 .debug_macro   0x0000000000000e56       0x22 ./Core/Src/lcd16x2_i2c.o
 .debug_macro   0x0000000000000e78       0xdf ./Core/Src/lcd16x2_i2c.o
 .debug_macro   0x0000000000000f57     0x102d ./Core/Src/lcd16x2_i2c.o
 .debug_macro   0x0000000000001f84      0x11f ./Core/Src/lcd16x2_i2c.o
 .debug_macro   0x00000000000020a3     0xb86c ./Core/Src/lcd16x2_i2c.o