stm32h7xx_hal_msp.c:64:6:HAL_MspInit	8	static
stm32h7xx_hal_msp.c:87:6:HAL_CRC_MspInit	8	static
stm32h7xx_hal_msp.c:109:6:HAL_CRC_MspDeInit	0	static
stm32h7xx_hal_msp.c:131:6:HAL_DMA2D_MspInit	16	static
stm32h7xx_hal_msp.c:156:6:HAL_DMA2D_MspDeInit	0	static
stm32h7xx_hal_msp.c:181:6:HAL_DSI_MspInit	232	static
stm32h7xx_hal_msp.c:235:6:HAL_DSI_MspDeInit	8	static
stm32h7xx_hal_msp.c:271:6:HAL_LTDC_MspInit	208	static
stm32h7xx_hal_msp.c:313:6:HAL_LTDC_MspDeInit	0	static
stm32h7xx_hal_msp.c:338:6:HAL_QSPI_MspInit	264	static
stm32h7xx_hal_msp.c:438:6:HAL_QSPI_MspDeInit	8	static
stm32h7xx_hal_msp.c:483:6:HAL_UART_MspInit	232	static
stm32h7xx_hal_msp.c:532:6:HAL_UART_MspDeInit	8	static
stm32h7xx_hal_msp.c:702:6:HAL_SDRAM_MspInit	240	static
stm32h7xx_hal_msp.c:810:6:HAL_SDRAM_MspDeInit	8	static
