HAL.hpp:124:18:virtual void touchgfx::HAL::setDisplayOrientation(touchgfx::DisplayOrientation)	0	static
HAL.hpp:635:18:virtual bool touchgfx::HAL::sampleKey(uint8_t&)	0	static
HAL.hpp:825:30:virtual touchgfx::FlashDataReader* touchgfx::HAL::getFlashDataReader() const	0	static
HAL.hpp:974:18:virtual void touchgfx::HAL::taskDelay(uint16_t)	0	static
HAL.hpp:1001:22:virtual uint16_t touchgfx::HAL::getTFTCurrentLine()	0	static
HAL.hpp:1012:21:virtual touchgfx::DMAType touchgfx::HAL::getDMAType()	0	static
TouchGFXHAL.cpp:160:11:virtual uint16_t* TouchGFXHAL::getTFTFrameBuffer() const	0	static
TouchGFXHAL.hpp:35:7:TouchGFXHAL::~TouchGFXHAL()	0	static
TouchGFXHAL.cpp:196:6:virtual void TouchGFXHAL::flushFrameBuffer(const touchgfx::Rect&)	0	static
TouchGFXHAL.cpp:214:6:virtual void TouchGFXHAL::configureInterrupts()	0	static
TouchGFXHAL.cpp:229:6:virtual void TouchGFXHAL::enableInterrupts()	0	static
TouchGFXHAL.cpp:244:6:virtual void TouchGFXHAL::disableInterrupts()	0	static
TouchGFXHAL.cpp:177:6:virtual void TouchGFXHAL::setTFTFrameBuffer(uint16_t*)	0	static
HAL.hpp:156:18:virtual void touchgfx::HAL::setFrameBufferSize(uint16_t, uint16_t)	8	static
HAL.hpp:603:18:virtual void touchgfx::HAL::backPorchExited()	8	static
TouchGFXHAL.hpp:108:18:virtual void TouchGFXHAL::flushFrameBuffer()	0	static
TouchGFXHAL.hpp:35:7:virtual TouchGFXHAL::~TouchGFXHAL()	8	static
TouchGFXHAL.cpp:285:6:virtual bool TouchGFXHAL::beginFrame()	0	static
TouchGFXHAL.cpp:291:6:virtual void TouchGFXHAL::endFrame()	8	static
TouchGFXHAL.cpp:103:6:virtual void TouchGFXHAL::initialize()	16	static
TouchGFXHAL.cpp:127:6:virtual void TouchGFXHAL::taskEntry()	16	static
HAL.hpp:298:28:virtual touchgfx::BlitOperations touchgfx::HAL::getBlitCaps()	0	static
HAL.hpp:1122:18:virtual void touchgfx::HAL::performDisplayOrientationChange()	8	static
TouchGFXHAL.cpp:279:6:virtual void TouchGFXHAL::setFrameBufferStartAddresses(void*, void*, void*)	8	static
TouchGFXHAL.cpp:89:1:TouchGFXHAL::TouchGFXHAL(touchgfx::DMA_Interface&, touchgfx::LCD&, touchgfx::TouchController&, uint16_t, uint16_t)	16	static
TouchGFXHAL.cpp:313:13:int32_t DSI_IO_Write(uint16_t, uint16_t, uint8_t*, uint16_t)	16	static
TouchGFXHAL.cpp:343:13:int32_t DSI_IO_Read(uint16_t, uint16_t, uint8_t*, uint16_t)	24	static
TouchGFXHAL.cpp:358:10:void LCD_ReqTear()	24	static
TouchGFXHAL.cpp:260:6:virtual void TouchGFXHAL::enableLCDControllerInterrupt()	8	static
TouchGFXHAL.cpp:373:10:void LCD_ReqEnable()	16	static
TouchGFXHAL.cpp:391:10:void LCD_SetUpdateRegion(int)	16	static
TouchGFXHAL.cpp:396:10:void LCD_SetUpdateRegionLeft()	16	static
TouchGFXHAL.cpp:401:10:void LCD_SetUpdateRegionRight()	16	static
TouchGFXHAL.cpp:406:10:void LCD_SetBrightness(int)	16	static
TouchGFXHAL.cpp:413:10:void HAL_DSI_TearingEffectCallback(DSI_HandleTypeDef*)	16	static
TouchGFXHAL.cpp:441:10:void HAL_DSI_EndOfRefreshCallback(DSI_HandleTypeDef*)	48	static
TouchGFXHAL.cpp:482:19:long int IdleTaskHook(void*)	8	static
TouchGFXHAL.cpp:495:1:cpp)	0	static
